Component: ARM Compiler 5.06 update 4 (build 422) Tool: armlink [4d35d2]

==============================================================================

Section Cross References

    main.o(i.EXTI9_5_IRQHandler) refers to stm32f10x_exti.o(i.EXTI_GetITStatus) for EXTI_GetITStatus
    main.o(i.EXTI9_5_IRQHandler) refers to stm32f10x_gpio.o(i.GPIO_SetBits) for GPIO_SetBits
    main.o(i.EXTI9_5_IRQHandler) refers to stm32f10x_gpio.o(i.GPIO_ResetBits) for GPIO_ResetBits
    main.o(i.EXTI9_5_IRQHandler) refers to main.o(i.delayMs) for delayMs
    main.o(i.EXTI9_5_IRQHandler) refers to stm32f10x_exti.o(i.EXTI_ClearITPendingBit) for EXTI_ClearITPendingBit
    main.o(i.EXTI9_5_IRQHandler) refers to main.o(.data) for timer_start
    main.o(i.SysTick_Handler) refers to main.o(i.doNothing) for doNothing
    main.o(i.SysTick_Handler) refers to stm32f10x_gpio.o(i.GPIO_SetBits) for GPIO_SetBits
    main.o(i.SysTick_Handler) refers to main.o(i.progress_Table) for progress_Table
    main.o(i.SysTick_Handler) refers to main.o(.data) for timer_start
    main.o(i.USART2_IRQHandler) refers to stm32f10x_usart.o(i.USART_GetITStatus) for USART_GetITStatus
    main.o(i.USART2_IRQHandler) refers to stm32f10x_usart.o(i.USART_ReceiveData) for USART_ReceiveData
    main.o(i.USART2_IRQHandler) refers to stm32f10x_gpio.o(i.GPIO_ResetBits) for GPIO_ResetBits
    main.o(i.USART2_IRQHandler) refers to rt_memclr.o(.text) for __aeabi_memclr
    main.o(i.USART2_IRQHandler) refers to main.o(i.dec) for dec
    main.o(i.USART2_IRQHandler) refers to fmul.o(x$fpl$fmul) for __aeabi_fmul
    main.o(i.USART2_IRQHandler) refers to faddsub_clz.o(x$fpl$fadd) for __aeabi_fadd
    main.o(i.USART2_IRQHandler) refers to stm32f10x_usart.o(i.USART_ClearITPendingBit) for USART_ClearITPendingBit
    main.o(i.USART2_IRQHandler) refers to main.o(.data) for ch
    main.o(i.USART2_IRQHandler) refers to main.o(.bss) for strBuffer
    main.o(i.USARTSend) refers to stm32f10x_usart.o(i.USART_SendData) for USART_SendData
    main.o(i.USARTSend) refers to stm32f10x_usart.o(i.USART_GetFlagStatus) for USART_GetFlagStatus
    main.o(i.cal_ErrorBackward) refers to faddsub_clz.o(x$fpl$fsub) for __aeabi_fsub
    main.o(i.cal_ErrorBackward) refers to f2d.o(x$fpl$f2d) for __aeabi_f2d
    main.o(i.cal_ErrorBackward) refers to pow.o(i.pow) for pow
    main.o(i.cal_ErrorBackward) refers to daddsub_clz.o(x$fpl$dadd) for __aeabi_dadd
    main.o(i.cal_ErrorBackward) refers to sqrt.o(i.sqrt) for sqrt
    main.o(i.cal_ErrorBackward) refers to d2f.o(x$fpl$d2f) for __aeabi_d2f
    main.o(i.cal_ErrorBackward) refers to fdiv.o(x$fpl$fdiv) for __aeabi_fdiv
    main.o(i.cal_ErrorBackward) refers to fmul.o(x$fpl$fmul) for __aeabi_fmul
    main.o(i.cal_ErrorBackward) refers to main.o(.data) for CarBackxy
    main.o(i.cal_ErrorFront) refers to faddsub_clz.o(x$fpl$fsub) for __aeabi_fsub
    main.o(i.cal_ErrorFront) refers to f2d.o(x$fpl$f2d) for __aeabi_f2d
    main.o(i.cal_ErrorFront) refers to pow.o(i.pow) for pow
    main.o(i.cal_ErrorFront) refers to daddsub_clz.o(x$fpl$dadd) for __aeabi_dadd
    main.o(i.cal_ErrorFront) refers to sqrt.o(i.sqrt) for sqrt
    main.o(i.cal_ErrorFront) refers to d2f.o(x$fpl$d2f) for __aeabi_d2f
    main.o(i.cal_ErrorFront) refers to fdiv.o(x$fpl$fdiv) for __aeabi_fdiv
    main.o(i.cal_ErrorFront) refers to fmul.o(x$fpl$fmul) for __aeabi_fmul
    main.o(i.cal_ErrorFront) refers to main.o(.data) for CarBackxy
    main.o(i.main) refers to init.o(i.RCC_init) for RCC_init
    main.o(i.main) refers to init.o(i.Button_LED_init) for Button_LED_init
    main.o(i.main) refers to init.o(i.TIM3_PWM_init) for TIM3_PWM_init
    main.o(i.main) refers to init.o(i.SysTick_init) for SysTick_init
    main.o(i.main) refers to init.o(i.USART2_init) for USART2_init
    main.o(i.main) refers to main.o(i.USARTSend) for USARTSend
    main.o(i.main) refers to main.o(i.delayMs) for delayMs
    main.o(i.main) refers to stm32f10x_gpio.o(i.GPIO_SetBits) for GPIO_SetBits
    main.o(i.main) refers to main.o(.data) for send_WifiTesting2
    main.o(i.progress_Table) refers to main.o(i.cal_ErrorFront) for cal_ErrorFront
    main.o(i.progress_Table) refers to fleqf.o(x$fpl$fleqf) for __aeabi_cfcmple
    main.o(i.progress_Table) refers to frleqf.o(x$fpl$frleqf) for __aeabi_cfrcmple
    main.o(i.progress_Table) refers to main.o(i.tune_Motor) for tune_Motor
    main.o(i.progress_Table) refers to main.o(i.stop_Motor) for stop_Motor
    main.o(i.progress_Table) refers to main.o(i.reverse_Motor) for reverse_Motor
    main.o(i.progress_Table) refers to main.o(i.cal_ErrorBackward) for cal_ErrorBackward
    main.o(i.progress_Table) refers to main.o(.data) for progress
    main.o(i.reverse_Motor) refers to stm32f10x_gpio.o(i.GPIO_ReadOutputDataBit) for GPIO_ReadOutputDataBit
    main.o(i.reverse_Motor) refers to stm32f10x_gpio.o(i.GPIO_ResetBits) for GPIO_ResetBits
[...]
    Removing stm32f10x_spi.o(i.SPI_TransmitCRC), (10 bytes).
    Removing stm32f10x_tim.o(.rev16_text), (4 bytes).
    Removing stm32f10x_tim.o(.revsh_text), (4 bytes).
    Removing stm32f10x_tim.o(.rrx_text), (6 bytes).
    Removing stm32f10x_tim.o(i.TI1_Config), (128 bytes).
    Removing stm32f10x_tim.o(i.TI2_Config), (152 bytes).
    Removing stm32f10x_tim.o(i.TI3_Config), (144 bytes).
    Removing stm32f10x_tim.o(i.TI4_Config), (152 bytes).
    Removing stm32f10x_tim.o(i.TIM_ARRPreloadConfig), (24 bytes).
    Removing stm32f10x_tim.o(i.TIM_BDTRConfig), (32 bytes).
    Removing stm32f10x_tim.o(i.TIM_BDTRStructInit), (18 bytes).
    Removing stm32f10x_tim.o(i.TIM_CCPreloadControl), (24 bytes).
    Removing stm32f10x_tim.o(i.TIM_CCxCmd), (30 bytes).
    Removing stm32f10x_tim.o(i.TIM_CCxNCmd), (30 bytes).
    Removing stm32f10x_tim.o(i.TIM_ClearFlag), (6 bytes).
    Removing stm32f10x_tim.o(i.TIM_ClearITPendingBit), (6 bytes).
    Removing stm32f10x_tim.o(i.TIM_ClearOC1Ref), (18 bytes).
    Removing stm32f10x_tim.o(i.TIM_ClearOC2Ref), (24 bytes).
    Removing stm32f10x_tim.o(i.TIM_ClearOC3Ref), (18 bytes).
    Removing stm32f10x_tim.o(i.TIM_ClearOC4Ref), (24 bytes).
    Removing stm32f10x_tim.o(i.TIM_CounterModeConfig), (18 bytes).
    Removing stm32f10x_tim.o(i.TIM_CtrlPWMOutputs), (30 bytes).
    Removing stm32f10x_tim.o(i.TIM_DMACmd), (18 bytes).
    Removing stm32f10x_tim.o(i.TIM_DMAConfig), (10 bytes).
    Removing stm32f10x_tim.o(i.TIM_DeInit), (488 bytes).
    Removing stm32f10x_tim.o(i.TIM_ETRClockMode1Config), (54 bytes).
    Removing stm32f10x_tim.o(i.TIM_ETRClockMode2Config), (32 bytes).
    Removing stm32f10x_tim.o(i.TIM_ETRConfig), (28 bytes).
    Removing stm32f10x_tim.o(i.TIM_EncoderInterfaceConfig), (66 bytes).
    Removing stm32f10x_tim.o(i.TIM_ForcedOC1Config), (18 bytes).
    Removing stm32f10x_tim.o(i.TIM_ForcedOC2Config), (26 bytes).
    Removing stm32f10x_tim.o(i.TIM_ForcedOC3Config), (18 bytes).
    Removing stm32f10x_tim.o(i.TIM_ForcedOC4Config), (26 bytes).
    Removing stm32f10x_tim.o(i.TIM_GenerateEvent), (4 bytes).
    Removing stm32f10x_tim.o(i.TIM_GetCapture1), (6 bytes).
    Removing stm32f10x_tim.o(i.TIM_GetCapture2), (6 bytes).
    Removing stm32f10x_tim.o(i.TIM_GetCapture3), (6 bytes).
    Removing stm32f10x_tim.o(i.TIM_GetCapture4), (8 bytes).
    Removing stm32f10x_tim.o(i.TIM_GetCounter), (6 bytes).
    Removing stm32f10x_tim.o(i.TIM_GetFlagStatus), (18 bytes).
    Removing stm32f10x_tim.o(i.TIM_GetITStatus), (34 bytes).
    Removing stm32f10x_tim.o(i.TIM_GetPrescaler), (6 bytes).
    Removing stm32f10x_tim.o(i.TIM_ICInit), (172 bytes).
    Removing stm32f10x_tim.o(i.TIM_ICStructInit), (18 bytes).
    Removing stm32f10x_tim.o(i.TIM_ITConfig), (18 bytes).
    Removing stm32f10x_tim.o(i.TIM_ITRxExternalClockConfig), (24 bytes).
    Removing stm32f10x_tim.o(i.TIM_InternalClockConfig), (12 bytes).
    Removing stm32f10x_tim.o(i.TIM_OC1FastConfig), (18 bytes).
    Removing stm32f10x_tim.o(i.TIM_OC1NPolarityConfig), (18 bytes).
    Removing stm32f10x_tim.o(i.TIM_OC1PolarityConfig), (18 bytes).
    Removing stm32f10x_tim.o(i.TIM_OC2FastConfig), (26 bytes).
    Removing stm32f10x_tim.o(i.TIM_OC2NPolarityConfig), (26 bytes).
    Removing stm32f10x_tim.o(i.TIM_OC2PolarityConfig), (26 bytes).
    Removing stm32f10x_tim.o(i.TIM_OC3FastConfig), (18 bytes).
    Removing stm32f10x_tim.o(i.TIM_OC3Init), (160 bytes).
    Removing stm32f10x_tim.o(i.TIM_OC3NPolarityConfig), (26 bytes).
    Removing stm32f10x_tim.o(i.TIM_OC3PolarityConfig), (26 bytes).
    Removing stm32f10x_tim.o(i.TIM_OC3PreloadConfig), (18 bytes).
    Removing stm32f10x_tim.o(i.TIM_OC4FastConfig), (26 bytes).
    Removing stm32f10x_tim.o(i.TIM_OC4Init), (124 bytes).
    Removing stm32f10x_tim.o(i.TIM_OC4PolarityConfig), (26 bytes).
    Removing stm32f10x_tim.o(i.TIM_OC4PreloadConfig), (26 bytes).
    Removing stm32f10x_tim.o(i.TIM_OCStructInit), (20 bytes).
    Removing stm32f10x_tim.o(i.TIM_PWMIConfig), (124 bytes).
    Removing stm32f10x_tim.o(i.TIM_PrescalerConfig), (6 bytes).
    Removing stm32f10x_tim.o(i.TIM_SelectCCDMA), (24 bytes).
    Removing stm32f10x_tim.o(i.TIM_SelectCOM), (24 bytes).
    Removing stm32f10x_tim.o(i.TIM_SelectHallSensor), (24 bytes).
    Removing stm32f10x_tim.o(i.TIM_SelectInputTrigger), (18 bytes).
    Removing stm32f10x_tim.o(i.TIM_SelectMasterSlaveMode), (18 bytes).
    Removing stm32f10x_tim.o(i.TIM_SelectOCxM), (82 bytes).
    Removing stm32f10x_tim.o(i.TIM_SelectOnePulseMode), (18 bytes).
    Removing stm32f10x_tim.o(i.TIM_SelectOutputTrigger), (18 bytes).
    Removing stm32f10x_tim.o(i.TIM_SelectSlaveMode), (18 bytes).
    Removing stm32f10x_tim.o(i.TIM_SetAutoreload), (4 bytes).
    Removing stm32f10x_tim.o(i.TIM_SetClockDivision), (18 bytes).
    Removing stm32f10x_tim.o(i.TIM_SetCompare3), (4 bytes).
    Removing stm32f10x_tim.o(i.TIM_SetCompare4), (6 bytes).
    Removing stm32f10x_tim.o(i.TIM_SetCounter), (4 bytes).
    Removing stm32f10x_tim.o(i.TIM_SetIC1Prescaler), (18 bytes).
    Removing stm32f10x_tim.o(i.TIM_SetIC2Prescaler), (26 bytes).
    Removing stm32f10x_tim.o(i.TIM_SetIC3Prescaler), (18 bytes).
    Removing stm32f10x_tim.o(i.TIM_SetIC4Prescaler), (26 bytes).
    Removing stm32f10x_tim.o(i.TIM_TIxExternalClockConfig), (62 bytes).
    Removing stm32f10x_tim.o(i.TIM_TimeBaseStructInit), (18 bytes).
    Removing stm32f10x_tim.o(i.TIM_UpdateDisableConfig), (24 bytes).
    Removing stm32f10x_tim.o(i.TIM_UpdateRequestConfig), (24 bytes).
    Removing stm32f10x_usart.o(.rev16_text), (4 bytes).
    Removing stm32f10x_usart.o(.revsh_text), (4 bytes).
    Removing stm32f10x_usart.o(.rrx_text), (6 bytes).
    Removing stm32f10x_usart.o(i.USART_ClearFlag), (18 bytes).
    Removing stm32f10x_usart.o(i.USART_ClockInit), (34 bytes).
    Removing stm32f10x_usart.o(i.USART_ClockStructInit), (12 bytes).
    Removing stm32f10x_usart.o(i.USART_DMACmd), (18 bytes).
    Removing stm32f10x_usart.o(i.USART_DeInit), (156 bytes).
    Removing stm32f10x_usart.o(i.USART_HalfDuplexCmd), (24 bytes).
    Removing stm32f10x_usart.o(i.USART_IrDACmd), (24 bytes).
    Removing stm32f10x_usart.o(i.USART_IrDAConfig), (18 bytes).
    Removing stm32f10x_usart.o(i.USART_LINBreakDetectLengthConfig), (18 bytes).
    Removing stm32f10x_usart.o(i.USART_LINCmd), (24 bytes).
    Removing stm32f10x_usart.o(i.USART_OneBitMethodCmd), (24 bytes).
    Removing stm32f10x_usart.o(i.USART_OverSampling8Cmd), (22 bytes).
    Removing stm32f10x_usart.o(i.USART_ReceiverWakeUpCmd), (24 bytes).
    Removing stm32f10x_usart.o(i.USART_SendBreak), (10 bytes).
    Removing stm32f10x_usart.o(i.USART_SetAddress), (18 bytes).
    Removing stm32f10x_usart.o(i.USART_SetGuardTime), (16 bytes).
    Removing stm32f10x_usart.o(i.USART_SetPrescaler), (16 bytes).
    Removing stm32f10x_usart.o(i.USART_SmartCardCmd), (24 bytes).
    Removing stm32f10x_usart.o(i.USART_SmartCardNACKCmd), (24 bytes).
    Removing stm32f10x_usart.o(i.USART_StructInit), (24 bytes).
    Removing stm32f10x_usart.o(i.USART_WakeUpConfig), (18 bytes).
    Removing system_stm32f10x.o(.rev16_text), (4 bytes).
    Removing system_stm32f10x.o(.revsh_text), (4 bytes).
    Removing system_stm32f10x.o(.rrx_text), (6 bytes).

256 unused section(s) (total 8248 bytes) removed from the image.

==============================================================================

Image Symbol Table

    Local Symbols

    Symbol Name                              Value     Ov Type        Size  Object(Section)

    ../clib/angel/boardlib.s                 0x00000000   Number         0  boardinit1.o ABSOLUTE
    ../clib/angel/boardlib.s                 0x00000000   Number         0  boardinit2.o ABSOLUTE
    ../clib/angel/boardlib.s                 0x00000000   Number         0  boardinit3.o ABSOLUTE
    ../clib/angel/boardlib.s                 0x00000000   Number         0  boardshut.o ABSOLUTE
    ../clib/angel/dczerorl2.s                0x00000000   Number         0  __dczerorl2.o ABSOLUTE
    ../clib/angel/handlers.s                 0x00000000   Number         0  __scatter_zi.o ABSOLUTE
    ../clib/angel/kernel.s                   0x00000000   Number         0  __rtentry4.o ABSOLUTE
    ../clib/angel/kernel.s                   0x00000000   Number         0  __rtentry2.o ABSOLUTE
    ../clib/angel/kernel.s                   0x00000000   Number         0  rtexit.o ABSOLUTE
    ../clib/angel/kernel.s                   0x00000000   Number         0  rtexit2.o ABSOLUTE
    ../clib/angel/kernel.s                   0x00000000   Number         0  __rtentry.o ABSOLUTE
    ../clib/angel/rt.s                       0x00000000   Number         0  rt_errno_addr.o ABSOLUTE
    ../clib/angel/rt.s                       0x00000000   Number         0  rt_errno_addr_intlibspace.o ABSOLUTE
    ../clib/angel/rt.s                       0x00000000   Number         0  rt_raise.o ABSOLUTE
    ../clib/angel/scatter.s                  0x00000000   Number         0  __scatter.o ABSOLUTE
    ../clib/angel/startup.s                  0x00000000   Number         0  __main.o ABSOLUTE
    ../clib/angel/sys.s                      0x00000000   Number         0  sys_stackheap_outer.o ABSOLUTE
    ../clib/angel/sys.s                      0x00000000   Number         0  use_no_semi.o ABSOLUTE
    ../clib/angel/sys.s                      0x00000000   Number         0  indicate_semi.o ABSOLUTE
    ../clib/angel/sys.s                      0x00000000   Number         0  libspace.o ABSOLUTE
    ../clib/angel/sysapp.c                   0x00000000   Number         0  sys_command.o ABSOLUTE
    ../clib/angel/sysapp.c                   0x00000000   Number         0  sys_exit.o ABSOLUTE
    ../clib/angel/sysapp.c                   0x00000000   Number         0  sys_wrch.o ABSOLUTE
    ../clib/armsys.c                         0x00000000   Number         0  argv_veneer.o ABSOLUTE
    ../clib/armsys.c                         0x00000000   Number         0  no_argv.o ABSOLUTE
    ../clib/armsys.c                         0x00000000   Number         0  _get_argv_nomalloc.o ABSOLUTE
    ../clib/armsys.c                         0x00000000   Number         0  argv_veneer.o ABSOLUTE
    ../clib/fenv.c                           0x00000000   Number         0  _rserrno.o ABSOLUTE
    ../clib/heapalloc.c                      0x00000000   Number         0  hrguard.o ABSOLUTE
    ../clib/heapaux.c                        0x00000000   Number         0  heapauxi.o ABSOLUTE
    ../clib/libinit.s                        0x00000000   Number         0  libshutdown.o ABSOLUTE
    ../clib/libinit.s                        0x00000000   Number         0  libinit2.o ABSOLUTE
    ../clib/libinit.s                        0x00000000   Number         0  libinit.o ABSOLUTE
    ../clib/libinit.s                        0x00000000   Number         0  libshutdown2.o ABSOLUTE
    ../clib/memcpset.s                       0x00000000   Number         0  rt_memclr_w.o ABSOLUTE
    ../clib/memcpset.s                       0x00000000   Number         0  rt_memclr.o ABSOLUTE
    ../clib/signal.c                         0x00000000   Number         0  defsig_segv_inner.o ABSOLUTE
    ../clib/signal.c                         0x00000000   Number         0  defsig_abrt_inner.o ABSOLUTE
    ../clib/signal.c                         0x00000000   Number         0  defsig_fpe_inner.o ABSOLUTE
    ../clib/signal.c                         0x00000000   Number         0  defsig_rtred_inner.o ABSOLUTE
    ../clib/signal.c                         0x00000000   Number         0  defsig_stak_inner.o ABSOLUTE
    ../clib/signal.c                         0x00000000   Number         0  defsig_cppl_inner.o ABSOLUTE
    ../clib/signal.c                         0x00000000   Number         0  defsig_pvfn_inner.o ABSOLUTE
    ../clib/signal.c                         0x00000000   Number         0  defsig_exit.o ABSOLUTE
    ../clib/signal.c                         0x00000000   Number         0  defsig_rtmem_outer.o ABSOLUTE
    ../clib/signal.c                         0x00000000   Number         0  defsig_rtmem_formal.o ABSOLUTE
    ../clib/signal.c                         0x00000000   Number         0  defsig_general.o ABSOLUTE
    ../clib/signal.c                         0x00000000   Number         0  __raise.o ABSOLUTE
    ../clib/signal.c                         0x00000000   Number         0  defsig_rtmem_inner.o ABSOLUTE
    ../clib/signal.c                         0x00000000   Number         0  defsig_other.o ABSOLUTE
    ../clib/signal.s                         0x00000000   Number         0  defsig.o ABSOLUTE
    ../clib/stdlib.c                         0x00000000   Number         0  exit.o ABSOLUTE
    ../fplib/d2f.s                           0x00000000   Number         0  d2f.o ABSOLUTE
    ../fplib/daddsub.s                       0x00000000   Number         0  daddsub_clz.o ABSOLUTE
    ../fplib/dcheck1.s                       0x00000000   Number         0  dcheck1.o ABSOLUTE
    ../fplib/dcmpi.s                         0x00000000   Number         0  dcmpi.o ABSOLUTE
    ../fplib/ddiv.s                          0x00000000   Number         0  ddiv.o ABSOLUTE
    ../fplib/dflt.s                          0x00000000   Number         0  dflt_clz.o ABSOLUTE
    ../fplib/dleqf.s                         0x00000000   Number         0  dleqf.o ABSOLUTE
    ../fplib/dmul.s                          0x00000000   Number         0  dmul.o ABSOLUTE
    ../fplib/dnaninf.s                       0x00000000   Number         0  dnaninf.o ABSOLUTE
    ../fplib/dretinf.s                       0x00000000   Number         0  dretinf.o ABSOLUTE
    ../fplib/drleqf.s                        0x00000000   Number         0  drleqf.o ABSOLUTE
    ../fplib/dsqrt.s                         0x00000000   Number         0  dsqrt_noumaal.o ABSOLUTE
    ../fplib/f2d.s                           0x00000000   Number         0  f2d.o ABSOLUTE
    ../fplib/faddsub.s                       0x00000000   Number         0  faddsub_clz.o ABSOLUTE
    ../fplib/fcmpi.s                         0x00000000   Number         0  fcmpi.o ABSOLUTE
    ../fplib/fdiv.s                          0x00000000   Number         0  fdiv.o ABSOLUTE
    ../fplib/ffixu.s                         0x00000000   Number         0  ffixu.o ABSOLUTE
    ../fplib/fflt.s                          0x00000000   Number         0  fflt_clz.o ABSOLUTE
    ../fplib/fleqf.s                         0x00000000   Number         0  fleqf.o ABSOLUTE
    ../fplib/fmul.s                          0x00000000   Number         0  fmul.o ABSOLUTE
    ../fplib/fnaninf.s                       0x00000000   Number         0  fnaninf.o ABSOLUTE
    ../fplib/fpinit.s                        0x00000000   Number         0  fpinit.o ABSOLUTE
    ../fplib/fretinf.s                       0x00000000   Number         0  fretinf.o ABSOLUTE
    ../fplib/frleqf.s                        0x00000000   Number         0  frleqf.o ABSOLUTE
    ../fplib/retnan.s                        0x00000000   Number         0  retnan.o ABSOLUTE
    ../fplib/scalbn.s                        0x00000000   Number         0  scalbn.o ABSOLUTE
    ../fplib/trapv.s                         0x00000000   Number         0  trapv.o ABSOLUTE
    ../fplib/usenofp.s                       0x00000000   Number         0  usenofp.o ABSOLUTE
    ../mathlib/dunder.c                      0x00000000   Number         0  dunder.o ABSOLUTE
    ../mathlib/fpclassify.c                  0x00000000   Number         0  fpclassify.o ABSOLUTE
    ../mathlib/poly.c                        0x00000000   Number         0  poly.o ABSOLUTE
    ../mathlib/pow.c                         0x00000000   Number         0  pow.o ABSOLUTE
    ../mathlib/pow.c                         0x00000000   Number         0  pow_x.o ABSOLUTE
    ../mathlib/qnan.c                        0x00000000   Number         0  qnan.o ABSOLUTE
    ../mathlib/sqrt.c                        0x00000000   Number         0  sqrt.o ABSOLUTE
    ../mathlib/sqrt.c                        0x00000000   Number         0  sqrt_x.o ABSOLUTE
    C:\Keil_v5\ARM\PACK\Keil\STM32F1xx_DFP\2.2.0\Device\StdPeriph_Driver\src\misc.c 0x00000000   Number         0  misc.o ABSOLUTE
    C:\Keil_v5\ARM\PACK\Keil\STM32F1xx_DFP\2.2.0\Device\StdPeriph_Driver\src\stm32f10x_exti.c 0x00000000   Number         0  stm32f10x_exti.o ABSOLUTE
    C:\Keil_v5\ARM\PACK\Keil\STM32F1xx_DFP\2.2.0\Device\StdPeriph_Driver\src\stm32f10x_flash.c 0x00000000   Number         0  stm32f10x_flash.o ABSOLUTE
    C:\Keil_v5\ARM\PACK\Keil\STM32F1xx_DFP\2.2.0\Device\StdPeriph_Driver\src\stm32f10x_gpio.c 0x00000000   Number         0  stm32f10x_gpio.o ABSOLUTE
    C:\Keil_v5\ARM\PACK\Keil\STM32F1xx_DFP\2.2.0\Device\StdPeriph_Driver\src\stm32f10x_rcc.c 0x00000000   Number         0  stm32f10x_rcc.o ABSOLUTE
    C:\Keil_v5\ARM\PACK\Keil\STM32F1xx_DFP\2.2.0\Device\StdPeriph_Driver\src\stm32f10x_rtc.c 0x00000000   Number         0  stm32f10x_rtc.o ABSOLUTE
    C:\Keil_v5\ARM\PACK\Keil\STM32F1xx_DFP\2.2.0\Device\StdPeriph_Driver\src\stm32f10x_spi.c 0x00000000   Number         0  stm32f10x_spi.o ABSOLUTE
    C:\Keil_v5\ARM\PACK\Keil\STM32F1xx_DFP\2.2.0\Device\StdPeriph_Driver\src\stm32f10x_tim.c 0x00000000   Number         0  stm32f10x_tim.o ABSOLUTE
    C:\Keil_v5\ARM\PACK\Keil\STM32F1xx_DFP\2.2.0\Device\StdPeriph_Driver\src\stm32f10x_usart.c 0x00000000   Number         0  stm32f10x_usart.o ABSOLUTE
    C:\\Keil_v5\\ARM\\PACK\\Keil\\STM32F1xx_DFP\\2.2.0\\Device\\StdPeriph_Driver\\src\\misc.c 0x00000000   Number         0  misc.o ABSOLUTE
    C:\\Keil_v5\\ARM\\PACK\\Keil\\STM32F1xx_DFP\\2.2.0\\Device\\StdPeriph_Driver\\src\\stm32f10x_exti.c 0x00000000   Number         0  stm32f10x_exti.o ABSOLUTE
    C:\\Keil_v5\\ARM\\PACK\\Keil\\STM32F1xx_DFP\\2.2.0\\Device\\StdPeriph_Driver\\src\\stm32f10x_flash.c 0x00000000   Number         0  stm32f10x_flash.o ABSOLUTE
    C:\\Keil_v5\\ARM\\PACK\\Keil\\STM32F1xx_DFP\\2.2.0\\Device\\StdPeriph_Driver\\src\\stm32f10x_gpio.c 0x00000000   Number         0  stm32f10x_gpio.o ABSOLUTE
    C:\\Keil_v5\\ARM\\PACK\\Keil\\STM32F1xx_DFP\\2.2.0\\Device\\StdPeriph_Driver\\src\\stm32f10x_rcc.c 0x00000000   Number         0  stm32f10x_rcc.o ABSOLUTE
    C:\\Keil_v5\\ARM\\PACK\\Keil\\STM32F1xx_DFP\\2.2.0\\Device\\StdPeriph_Driver\\src\\stm32f10x_rtc.c 0x00000000   Number         0  stm32f10x_rtc.o ABSOLUTE
    C:\\Keil_v5\\ARM\\PACK\\Keil\\STM32F1xx_DFP\\2.2.0\\Device\\StdPeriph_Driver\\src\\stm32f10x_spi.c 0x00000000   Number         0  stm32f10x_spi.o ABSOLUTE
    C:\\Keil_v5\\ARM\\PACK\\Keil\\STM32F1xx_DFP\\2.2.0\\Device\\StdPeriph_Driver\\src\\stm32f10x_tim.c 0x00000000   Number         0  stm32f10x_tim.o ABSOLUTE
    C:\\Keil_v5\\ARM\\PACK\\Keil\\STM32F1xx_DFP\\2.2.0\\Device\\StdPeriph_Driver\\src\\stm32f10x_usart.c 0x00000000   Number         0  stm32f10x_usart.o ABSOLUTE
    RTE\Device\STM32F103RB\startup_stm32f10x_md.s 0x00000000   Number         0  startup_stm32f10x_md.o ABSOLUTE
    RTE\Device\STM32F103RB\system_stm32f10x.c 0x00000000   Number         0  system_stm32f10x.o ABSOLUTE
    RTE\\Device\\STM32F103RB\\system_stm32f10x.c 0x00000000   Number         0  system_stm32f10x.o ABSOLUTE
    dc.s                                     0x00000000   Number         0  dc.o ABSOLUTE
    init.c                                   0x00000000   Number         0  init.o ABSOLUTE
    init.c                                   0x00000000   Number         0  init.o ABSOLUTE
    main.c                                   0x00000000   Number         0  main.o ABSOLUTE
    main.c                                   0x00000000   Number         0  main.o ABSOLUTE
    RESET                                    0x08000000   Section      236  startup_stm32f10x_md.o(RESET)
    !!!main                                  0x080000ec   Section        8  __main.o(!!!main)
    !!!scatter                               0x080000f4   Section       52  __scatter.o(!!!scatter)
    !!dczerorl2                              0x08000128   Section       90  __dczerorl2.o(!!dczerorl2)
    !!handler_zi                             0x08000184   Section       28  __scatter_zi.o(!!handler_zi)
    .ARM.Collect$$libinit$$00000000          0x080001a0   Section        2  libinit.o(.ARM.Collect$$libinit$$00000000)
    .ARM.Collect$$libinit$$00000002          0x080001a2   Section        0  libinit2.o(.ARM.Collect$$libinit$$00000002)
    .ARM.Collect$$libinit$$00000004          0x080001a2   Section        0  libinit2.o(.ARM.Collect$$libinit$$00000004)
    .ARM.Collect$$libinit$$0000000A          0x080001a2   Section        0  libinit2.o(.ARM.Collect$$libinit$$0000000A)
    .ARM.Collect$$libinit$$0000000C          0x080001a2   Section        0  libinit2.o(.ARM.Collect$$libinit$$0000000C)
    .ARM.Collect$$libinit$$0000000E          0x080001a2   Section        0  libinit2.o(.ARM.Collect$$libinit$$0000000E)
    .ARM.Collect$$libinit$$00000011          0x080001a2   Section        0  libinit2.o(.ARM.Collect$$libinit$$00000011)
    .ARM.Collect$$libinit$$00000013          0x080001a2   Section        0  libinit2.o(.ARM.Collect$$libinit$$00000013)
    .ARM.Collect$$libinit$$00000015          0x080001a2   Section        0  libinit2.o(.ARM.Collect$$libinit$$00000015)
    .ARM.Collect$$libinit$$00000017          0x080001a2   Section        0  libinit2.o(.ARM.Collect$$libinit$$00000017)
    .ARM.Collect$$libinit$$00000019          0x080001a2   Section        0  libinit2.o(.ARM.Collect$$libinit$$00000019)
    .ARM.Collect$$libinit$$0000001B          0x080001a2   Section        0  libinit2.o(.ARM.Collect$$libinit$$0000001B)
    .ARM.Collect$$libinit$$0000001D          0x080001a2   Section        0  libinit2.o(.ARM.Collect$$libinit$$0000001D)
    .ARM.Collect$$libinit$$0000001F          0x080001a2   Section        0  libinit2.o(.ARM.Collect$$libinit$$0000001F)
    .ARM.Collect$$libinit$$00000021          0x080001a2   Section        0  libinit2.o(.ARM.Collect$$libinit$$00000021)
    .ARM.Collect$$libinit$$00000023          0x080001a2   Section        0  libinit2.o(.ARM.Collect$$libinit$$00000023)
    .ARM.Collect$$libinit$$00000025          0x080001a2   Section        0  libinit2.o(.ARM.Collect$$libinit$$00000025)
    .ARM.Collect$$libinit$$0000002C          0x080001a2   Section        0  libinit2.o(.ARM.Collect$$libinit$$0000002C)
    .ARM.Collect$$libinit$$0000002E          0x080001a2   Section        0  libinit2.o(.ARM.Collect$$libinit$$0000002E)
    .ARM.Collect$$libinit$$00000030          0x080001a2   Section        0  libinit2.o(.ARM.Collect$$libinit$$00000030)
    .ARM.Collect$$libinit$$00000032          0x080001a2   Section        0  libinit2.o(.ARM.Collect$$libinit$$00000032)
    .ARM.Collect$$libinit$$00000033          0x080001a2   Section        2  libinit2.o(.ARM.Collect$$libinit$$00000033)
    .ARM.Collect$$libshutdown$$00000000      0x080001a4   Section        2  libshutdown.o(.ARM.Collect$$libshutdown$$00000000)
    .ARM.Collect$$libshutdown$$00000002      0x080001a6   Section        0  libshutdown2.o(.ARM.Collect$$libshutdown$$00000002)
    .ARM.Collect$$libshutdown$$00000004      0x080001a6   Section        0  libshutdown2.o(.ARM.Collect$$libshutdown$$00000004)
    .ARM.Collect$$libshutdown$$00000007      0x080001a6   Section        0  libshutdown2.o(.ARM.Collect$$libshutdown$$00000007)
    .ARM.Collect$$libshutdown$$0000000A      0x080001a6   Section        0  libshutdown2.o(.ARM.Collect$$libshutdown$$0000000A)
    .ARM.Collect$$libshutdown$$0000000C      0x080001a6   Section        0  libshutdown2.o(.ARM.Collect$$libshutdown$$0000000C)
    .ARM.Collect$$libshutdown$$0000000F      0x080001a6   Section        0  libshutdown2.o(.ARM.Collect$$libshutdown$$0000000F)
    .ARM.Collect$$libshutdown$$00000010      0x080001a6   Section        2  libshutdown2.o(.ARM.Collect$$libshutdown$$00000010)
    .ARM.Collect$$rtentry$$00000000          0x080001a8   Section        0  __rtentry.o(.ARM.Collect$$rtentry$$00000000)
    .ARM.Collect$$rtentry$$00000002          0x080001a8   Section        0  __rtentry2.o(.ARM.Collect$$rtentry$$00000002)
    .ARM.Collect$$rtentry$$00000004          0x080001a8   Section        6  __rtentry4.o(.ARM.Collect$$rtentry$$00000004)
    .ARM.Collect$$rtentry$$00000009          0x080001ae   Section        0  __rtentry2.o(.ARM.Collect$$rtentry$$00000009)
    .ARM.Collect$$rtentry$$0000000A          0x080001ae   Section        4  __rtentry2.o(.ARM.Collect$$rtentry$$0000000A)
    .ARM.Collect$$rtentry$$0000000C          0x080001b2   Section        0  __rtentry2.o(.ARM.Collect$$rtentry$$0000000C)
    .ARM.Collect$$rtentry$$0000000D          0x080001b2   Section        8  __rtentry2.o(.ARM.Collect$$rtentry$$0000000D)
    .ARM.Collect$$rtexit$$00000000           0x080001ba   Section        2  rtexit.o(.ARM.Collect$$rtexit$$00000000)
    .ARM.Collect$$rtexit$$00000002           0x080001bc   Section        0  rtexit2.o(.ARM.Collect$$rtexit$$00000002)
    .ARM.Collect$$rtexit$$00000003           0x080001bc   Section        4  rtexit2.o(.ARM.Collect$$rtexit$$00000003)
    .ARM.Collect$$rtexit$$00000004           0x080001c0   Section        6  rtexit2.o(.ARM.Collect$$rtexit$$00000004)
    .text                                    0x080001c8   Section       64  startup_stm32f10x_md.o(.text)
    .text                                    0x08000208   Section       68  rt_memclr.o(.text)
    .text                                    0x0800024c   Section        0  heapauxi.o(.text)
    .text                                    0x08000252   Section        0  _rserrno.o(.text)
    .text                                    0x08000268   Section       78  rt_memclr_w.o(.text)
    .text                                    0x080002b8   Section        8  rt_errno_addr_intlibspace.o(.text)
    .text                                    0x080002c0   Section        8  libspace.o(.text)
    .text                                    0x080002c8   Section       74  sys_stackheap_outer.o(.text)
    .text                                    0x08000312   Section        0  exit.o(.text)
    .text                                    0x08000324   Section        0  sys_exit.o(.text)
    .text                                    0x08000330   Section        2  use_no_semi.o(.text)
    .text                                    0x08000332   Section        0  indicate_semi.o(.text)
    i.Button_LED_init                        0x08000334   Section        0  init.o(i.Button_LED_init)
    i.EXTI9_5_IRQHandler                     0x080003a8   Section        0  main.o(i.EXTI9_5_IRQHandler)
    i.EXTI_ClearITPendingBit                 0x080003f0   Section        0  stm32f10x_exti.o(i.EXTI_ClearITPendingBit)
    i.EXTI_GetITStatus                       0x080003fc   Section        0  stm32f10x_exti.o(i.EXTI_GetITStatus)
    i.EXTI_Init                              0x08000424   Section        0  stm32f10x_exti.o(i.EXTI_Init)
    i.GPIO_EXTILineConfig                    0x080004b8   Section        0  stm32f10x_gpio.o(i.GPIO_EXTILineConfig)
    i.GPIO_Init                              0x080004f8   Section        0  stm32f10x_gpio.o(i.GPIO_Init)
    i.GPIO_ReadOutputDataBit                 0x0800060e   Section        0  stm32f10x_gpio.o(i.GPIO_ReadOutputDataBit)
    i.GPIO_ResetBits                         0x08000620   Section        0  stm32f10x_gpio.o(i.GPIO_ResetBits)
    i.GPIO_SetBits                           0x08000624   Section        0  stm32f10x_gpio.o(i.GPIO_SetBits)
    i.NVIC_Init                              0x08000628   Section        0  misc.o(i.NVIC_Init)
    i.RCC_APB1PeriphClockCmd                 0x08000698   Section        0  stm32f10x_rcc.o(i.RCC_APB1PeriphClockCmd)
    i.RCC_APB2PeriphClockCmd                 0x080006b8   Section        0  stm32f10x_rcc.o(i.RCC_APB2PeriphClockCmd)
    i.RCC_GetClocksFreq                      0x080006d8   Section        0  stm32f10x_rcc.o(i.RCC_GetClocksFreq)
    i.RCC_init                               0x080007ac   Section        0  init.o(i.RCC_init)
    i.SetSysClock                            0x080007f8   Section        0  system_stm32f10x.o(i.SetSysClock)
    SetSysClock                              0x080007f9   Thumb Code     8  system_stm32f10x.o(i.SetSysClock)
    i.SetSysClockTo72                        0x08000800   Section        0  system_stm32f10x.o(i.SetSysClockTo72)
    SetSysClockTo72                          0x08000801   Thumb Code   214  system_stm32f10x.o(i.SetSysClockTo72)
    i.SysTick_Handler                        0x080008e0   Section        0  main.o(i.SysTick_Handler)
    i.SysTick_init                           0x08000954   Section        0  init.o(i.SysTick_init)
    i.SystemCoreClockUpdate                  0x080009d4   Section        0  system_stm32f10x.o(i.SystemCoreClockUpdate)
    i.SystemInit                             0x08000a78   Section        0  system_stm32f10x.o(i.SystemInit)
    i.TIM3_PWM_init                          0x08000ad8   Section        0  init.o(i.TIM3_PWM_init)
    i.TIM_Cmd                                0x08000be0   Section        0  stm32f10x_tim.o(i.TIM_Cmd)
    i.TIM_OC1Init                            0x08000bf8   Section        0  stm32f10x_tim.o(i.TIM_OC1Init)
    i.TIM_OC1PreloadConfig                   0x08000c90   Section        0  stm32f10x_tim.o(i.TIM_OC1PreloadConfig)
    i.TIM_OC2Init                            0x08000ca4   Section        0  stm32f10x_tim.o(i.TIM_OC2Init)
    i.TIM_OC2PreloadConfig                   0x08000d48   Section        0  stm32f10x_tim.o(i.TIM_OC2PreloadConfig)
    i.TIM_SetCompare1                        0x08000d62   Section        0  stm32f10x_tim.o(i.TIM_SetCompare1)
    i.TIM_SetCompare2                        0x08000d66   Section        0  stm32f10x_tim.o(i.TIM_SetCompare2)
    i.TIM_TimeBaseInit                       0x08000d6c   Section        0  stm32f10x_tim.o(i.TIM_TimeBaseInit)
    i.USART2_IRQHandler                      0x08000e10   Section        0  main.o(i.USART2_IRQHandler)
    i.USART2_init                            0x08001120   Section        0  init.o(i.USART2_init)
    i.USARTSend                              0x080011b8   Section        0  main.o(i.USARTSend)
    i.USART_ClearITPendingBit                0x080011e4   Section        0  stm32f10x_usart.o(i.USART_ClearITPendingBit)
    i.USART_Cmd                              0x08001202   Section        0  stm32f10x_usart.o(i.USART_Cmd)
    i.USART_GetFlagStatus                    0x0800121a   Section        0  stm32f10x_usart.o(i.USART_GetFlagStatus)
    i.USART_GetITStatus                      0x08001234   Section        0  stm32f10x_usart.o(i.USART_GetITStatus)
    i.USART_ITConfig                         0x08001288   Section        0  stm32f10x_usart.o(i.USART_ITConfig)
    i.USART_Init                             0x080012d4   Section        0  stm32f10x_usart.o(i.USART_Init)
    i.USART_ReceiveData                      0x080013ac   Section        0  stm32f10x_usart.o(i.USART_ReceiveData)
    i.USART_SendData                         0x080013b6   Section        0  stm32f10x_usart.o(i.USART_SendData)
    i.__ARM_fpclassify                       0x080013be   Section        0  fpclassify.o(i.__ARM_fpclassify)
    i.__kernel_poly                          0x080013e6   Section        0  poly.o(i.__kernel_poly)
    i.__mathlib_dbl_divzero                  0x08001490   Section        0  dunder.o(i.__mathlib_dbl_divzero)
    i.__mathlib_dbl_infnan2                  0x080014a0   Section        0  dunder.o(i.__mathlib_dbl_infnan2)
    i.__mathlib_dbl_invalid                  0x080014a4   Section        0  dunder.o(i.__mathlib_dbl_invalid)
    i.__mathlib_dbl_overflow                 0x080014b0   Section        0  dunder.o(i.__mathlib_dbl_overflow)
    i.__mathlib_dbl_underflow                0x080014c0   Section        0  dunder.o(i.__mathlib_dbl_underflow)
    i.cal_ErrorBackward                      0x080014d0   Section        0  main.o(i.cal_ErrorBackward)
    i.cal_ErrorFront                         0x08001608   Section        0  main.o(i.cal_ErrorFront)
    i.dec                                    0x08001740   Section        0  main.o(i.dec)
    i.delayMs                                0x080017f8   Section        0  main.o(i.delayMs)
    i.doNothing                              0x0800180c   Section        0  main.o(i.doNothing)
    i.main                                   0x08001810   Section        0  main.o(i.main)
    i.pow                                    0x08001868   Section        0  pow.o(i.pow)
    i.progress_Table                         0x08002240   Section        0  main.o(i.progress_Table)
    i.reverse_Motor                          0x080023a0   Section        0  main.o(i.reverse_Motor)
    i.sqrt                                   0x080023ec   Section        0  sqrt.o(i.sqrt)
    i.stop_Motor                             0x08002438   Section        0  main.o(i.stop_Motor)
    i.tune_Motor                             0x08002450   Section        0  main.o(i.tune_Motor)
    x$fpl$d2f                                0x08002578   Section       98  d2f.o(x$fpl$d2f)
    x$fpl$dadd                               0x080025dc   Section      336  daddsub_clz.o(x$fpl$dadd)
    _dadd1                                   0x080025ed   Thumb Code     0  daddsub_clz.o(x$fpl$dadd)
    x$fpl$dcheck1                            0x0800272c   Section       16  dcheck1.o(x$fpl$dcheck1)
    x$fpl$dcmpinf                            0x0800273c   Section       24  dcmpi.o(x$fpl$dcmpinf)
    x$fpl$ddiv                               0x08002754   Section      688  ddiv.o(x$fpl$ddiv)
    ddiv_entry                               0x0800275b   Thumb Code     0  ddiv.o(x$fpl$ddiv)
    x$fpl$dflt                               0x08002a04   Section       46  dflt_clz.o(x$fpl$dflt)
    x$fpl$dleqf                              0x08002a34   Section      120  dleqf.o(x$fpl$dleqf)
    x$fpl$dmul                               0x08002aac   Section      340  dmul.o(x$fpl$dmul)
    x$fpl$dnaninf                            0x08002c00   Section      156  dnaninf.o(x$fpl$dnaninf)
    x$fpl$dretinf                            0x08002c9c   Section       12  dretinf.o(x$fpl$dretinf)
    x$fpl$drleqf                             0x08002ca8   Section      108  drleqf.o(x$fpl$drleqf)
    x$fpl$drsb                               0x08002d14   Section       22  daddsub_clz.o(x$fpl$drsb)
    x$fpl$dsqrt                              0x08002d2c   Section      460  dsqrt_noumaal.o(x$fpl$dsqrt)
    x$fpl$dsub                               0x08002ef8   Section      468  daddsub_clz.o(x$fpl$dsub)
    _dsub1                                   0x08002f09   Thumb Code     0  daddsub_clz.o(x$fpl$dsub)
    x$fpl$f2d                                0x080030cc   Section       86  f2d.o(x$fpl$f2d)
    x$fpl$fadd                               0x08003124   Section      196  faddsub_clz.o(x$fpl$fadd)
    _fadd1                                   0x08003133   Thumb Code     0  faddsub_clz.o(x$fpl$fadd)
    x$fpl$fcmpinf                            0x080031e8   Section       24  fcmpi.o(x$fpl$fcmpinf)
    x$fpl$fdiv                               0x08003200   Section      388  fdiv.o(x$fpl$fdiv)
    _fdiv1                                   0x08003201   Thumb Code     0  fdiv.o(x$fpl$fdiv)
    x$fpl$ffixu                              0x08003384   Section       62  ffixu.o(x$fpl$ffixu)
    x$fpl$fflt                               0x080033c4   Section       48  fflt_clz.o(x$fpl$fflt)
    x$fpl$fleqf                              0x080033f4   Section      104  fleqf.o(x$fpl$fleqf)
    x$fpl$fmul                               0x0800345c   Section      258  fmul.o(x$fpl$fmul)
    x$fpl$fnaninf                            0x0800355e   Section      140  fnaninf.o(x$fpl$fnaninf)
    x$fpl$fretinf                            0x080035ea   Section       10  fretinf.o(x$fpl$fretinf)
    x$fpl$frleqf                             0x080035f4   Section       98  frleqf.o(x$fpl$frleqf)
    x$fpl$fsub                               0x08003658   Section      234  faddsub_clz.o(x$fpl$fsub)
    _fsub1                                   0x08003667   Thumb Code     0  faddsub_clz.o(x$fpl$fsub)
    x$fpl$retnan                             0x08003742   Section      100  retnan.o(x$fpl$retnan)
    x$fpl$scalbn                             0x080037a6   Section       92  scalbn.o(x$fpl$scalbn)
    x$fpl$trapveneer                         0x08003802   Section       48  trapv.o(x$fpl$trapveneer)
    x$fpl$usenofp                            0x08003832   Section        0  usenofp.o(x$fpl$usenofp)
    .constdata                               0x08003838   Section      136  pow.o(.constdata)
    bp                                       0x08003838   Data          16  pow.o(.constdata)
    dp_h                                     0x08003848   Data          16  pow.o(.constdata)
    dp_l                                     0x08003858   Data          16  pow.o(.constdata)
    L                                        0x08003868   Data          48  pow.o(.constdata)
    P                                        0x08003898   Data          40  pow.o(.constdata)
    .constdata                               0x080038c0   Section        8  qnan.o(.constdata)
    .data                                    0x20000000   Section      260  main.o(.data)
    .data                                    0x20000104   Section       20  stm32f10x_rcc.o(.data)
    APBAHBPrescTable                         0x20000104   Data          16  stm32f10x_rcc.o(.data)
    ADCPrescTable                            0x20000114   Data           4  stm32f10x_rcc.o(.data)
    .data                                    0x20000118   Section       20  system_stm32f10x.o(.data)
    .bss                                     0x2000012c   Section      128  main.o(.bss)
    .bss                                     0x200001ac   Section       96  libspace.o(.bss)
    HEAP                                     0x20000210   Section      512  startup_stm32f10x_md.o(HEAP)
    Heap_Mem                                 0x20000210   Data         512  startup_stm32f10x_md.o(HEAP)
    STACK                                    0x20000410   Section     1024  startup_stm32f10x_md.o(STACK)
    Stack_Mem                                0x20000410   Data        1024  startup_stm32f10x_md.o(STACK)
    __initial_sp                             0x20000810   Data           0  startup_stm32f10x_md.o(STACK)

    Global Symbols

    Symbol Name                              Value     Ov Type        Size  Object(Section)

    BuildAttributes$$THM_ISAv4$P$D$K$B$S$PE$A:L22UL41UL21$X:L11$S22US41US21$IEEE1$IW$USESV6$~STKCKD$USESV7$~SHL$OTIME$ROPI$IEEEX$EBA8$UX$STANDARDLIB$REQ8$PRES8$EABIv2 0x00000000   Number         0  anon$$obj.o ABSOLUTE
    __ARM_use_no_argv                        0x00000000   Number         0  main.o ABSOLUTE
    __ARM_exceptions_init                     - Undefined Weak Reference
    __alloca_initialize                       - Undefined Weak Reference
    __arm_preinit_                            - Undefined Weak Reference
    __cpp_initialize__aeabi_                  - Undefined Weak Reference
    __cxa_finalize                            - Undefined Weak Reference
    __rt_locale                               - Undefined Weak Reference
    __sigvec_lookup                           - Undefined Weak Reference
    _atexit_init                              - Undefined Weak Reference
    _call_atexit_fns                          - Undefined Weak Reference
    _clock_init                               - Undefined Weak Reference
    _fp_trap_init                             - Undefined Weak Reference
    _fp_trap_shutdown                         - Undefined Weak Reference
    _get_lc_collate                           - Undefined Weak Reference
    _get_lc_ctype                             - Undefined Weak Reference
    _get_lc_monetary                          - Undefined Weak Reference
    _get_lc_numeric                           - Undefined Weak Reference
    _get_lc_time                              - Undefined Weak Reference
    _getenv_init                              - Undefined Weak Reference
    _handle_redirection                       - Undefined Weak Reference
    _init_alloc                               - Undefined Weak Reference
    _init_user_alloc                          - Undefined Weak Reference
    _initio                                   - Undefined Weak Reference
    _rand_init                                - Undefined Weak Reference
    _signal_finish                            - Undefined Weak Reference
    _signal_init                              - Undefined Weak Reference
    _terminate_alloc                          - Undefined Weak Reference
    _terminate_user_alloc                     - Undefined Weak Reference
    _terminateio                              - Undefined Weak Reference
    __Vectors_Size                           0x000000ec   Number         0  startup_stm32f10x_md.o ABSOLUTE
    __Vectors                                0x08000000   Data           4  startup_stm32f10x_md.o(RESET)
    __Vectors_End                            0x080000ec   Data           0  startup_stm32f10x_md.o(RESET)
    __main                                   0x080000ed   Thumb Code     8  __main.o(!!!main)
    __scatterload                            0x080000f5   Thumb Code     0  __scatter.o(!!!scatter)
    __scatterload_rt2                        0x080000f5   Thumb Code    44  __scatter.o(!!!scatter)
    __scatterload_rt2_thumb_only             0x080000f5   Thumb Code     0  __scatter.o(!!!scatter)
    __scatterload_null                       0x08000103   Thumb Code     0  __scatter.o(!!!scatter)
    __decompress                             0x08000129   Thumb Code    90  __dczerorl2.o(!!dczerorl2)
    __decompress1                            0x08000129   Thumb Code     0  __dczerorl2.o(!!dczerorl2)
    __scatterload_zeroinit                   0x08000185   Thumb Code    28  __scatter_zi.o(!!handler_zi)
    __rt_lib_init                            0x080001a1   Thumb Code     0  libinit.o(.ARM.Collect$$libinit$$00000000)
    __rt_lib_init_alloca_1                   0x080001a3   Thumb Code     0  libinit2.o(.ARM.Collect$$libinit$$0000002E)
    __rt_lib_init_argv_1                     0x080001a3   Thumb Code     0  libinit2.o(.ARM.Collect$$libinit$$0000002C)
    __rt_lib_init_atexit_1                   0x080001a3   Thumb Code     0  libinit2.o(.ARM.Collect$$libinit$$0000001B)
    __rt_lib_init_clock_1                    0x080001a3   Thumb Code     0  libinit2.o(.ARM.Collect$$libinit$$00000021)
    __rt_lib_init_cpp_1                      0x080001a3   Thumb Code     0  libinit2.o(.ARM.Collect$$libinit$$00000032)
    __rt_lib_init_exceptions_1               0x080001a3   Thumb Code     0  libinit2.o(.ARM.Collect$$libinit$$00000030)
    __rt_lib_init_fp_1                       0x080001a3   Thumb Code     0  libinit2.o(.ARM.Collect$$libinit$$00000002)
    __rt_lib_init_fp_trap_1                  0x080001a3   Thumb Code     0  libinit2.o(.ARM.Collect$$libinit$$0000001F)
    __rt_lib_init_getenv_1                   0x080001a3   Thumb Code     0  libinit2.o(.ARM.Collect$$libinit$$00000023)
    __rt_lib_init_heap_1                     0x080001a3   Thumb Code     0  libinit2.o(.ARM.Collect$$libinit$$0000000A)
    __rt_lib_init_lc_collate_1               0x080001a3   Thumb Code     0  libinit2.o(.ARM.Collect$$libinit$$00000011)
    __rt_lib_init_lc_ctype_1                 0x080001a3   Thumb Code     0  libinit2.o(.ARM.Collect$$libinit$$00000013)
    __rt_lib_init_lc_monetary_1              0x080001a3   Thumb Code     0  libinit2.o(.ARM.Collect$$libinit$$00000015)
    __rt_lib_init_lc_numeric_1               0x080001a3   Thumb Code     0  libinit2.o(.ARM.Collect$$libinit$$00000017)
    __rt_lib_init_lc_time_1                  0x080001a3   Thumb Code     0  libinit2.o(.ARM.Collect$$libinit$$00000019)
    __rt_lib_init_preinit_1                  0x080001a3   Thumb Code     0  libinit2.o(.ARM.Collect$$libinit$$00000004)
    __rt_lib_init_rand_1                     0x080001a3   Thumb Code     0  libinit2.o(.ARM.Collect$$libinit$$0000000E)
    __rt_lib_init_return                     0x080001a3   Thumb Code     0  libinit2.o(.ARM.Collect$$libinit$$00000033)
    __rt_lib_init_signal_1                   0x080001a3   Thumb Code     0  libinit2.o(.ARM.Collect$$libinit$$0000001D)
    __rt_lib_init_stdio_1                    0x080001a3   Thumb Code     0  libinit2.o(.ARM.Collect$$libinit$$00000025)
    __rt_lib_init_user_alloc_1               0x080001a3   Thumb Code     0  libinit2.o(.ARM.Collect$$libinit$$0000000C)
    __rt_lib_shutdown                        0x080001a5   Thumb Code     0  libshutdown.o(.ARM.Collect$$libshutdown$$00000000)
    __rt_lib_shutdown_cpp_1                  0x080001a7   Thumb Code     0  libshutdown2.o(.ARM.Collect$$libshutdown$$00000002)
    __rt_lib_shutdown_fp_trap_1              0x080001a7   Thumb Code     0  libshutdown2.o(.ARM.Collect$$libshutdown$$00000007)
    __rt_lib_shutdown_heap_1                 0x080001a7   Thumb Code     0  libshutdown2.o(.ARM.Collect$$libshutdown$$0000000F)
    __rt_lib_shutdown_return                 0x080001a7   Thumb Code     0  libshutdown2.o(.ARM.Collect$$libshutdown$$00000010)
    __rt_lib_shutdown_signal_1               0x080001a7   Thumb Code     0  libshutdown2.o(.ARM.Collect$$libshutdown$$0000000A)
    __rt_lib_shutdown_stdio_1                0x080001a7   Thumb Code     0  libshutdown2.o(.ARM.Collect$$libshutdown$$00000004)
    __rt_lib_shutdown_user_alloc_1           0x080001a7   Thumb Code     0  libshutdown2.o(.ARM.Collect$$libshutdown$$0000000C)
    __rt_entry                               0x080001a9   Thumb Code     0  __rtentry.o(.ARM.Collect$$rtentry$$00000000)
    __rt_entry_presh_1                       0x080001a9   Thumb Code     0  __rtentry2.o(.ARM.Collect$$rtentry$$00000002)
    __rt_entry_sh                            0x080001a9   Thumb Code     0  __rtentry4.o(.ARM.Collect$$rtentry$$00000004)
    __rt_entry_li                            0x080001af   Thumb Code     0  __rtentry2.o(.ARM.Collect$$rtentry$$0000000A)
    __rt_entry_postsh_1                      0x080001af   Thumb Code     0  __rtentry2.o(.ARM.Collect$$rtentry$$00000009)
    __rt_entry_main                          0x080001b3   Thumb Code     0  __rtentry2.o(.ARM.Collect$$rtentry$$0000000D)
    __rt_entry_postli_1                      0x080001b3   Thumb Code     0  __rtentry2.o(.ARM.Collect$$rtentry$$0000000C)
    __rt_exit                                0x080001bb   Thumb Code     0  rtexit.o(.ARM.Collect$$rtexit$$00000000)
    __rt_exit_ls                             0x080001bd   Thumb Code     0  rtexit2.o(.ARM.Collect$$rtexit$$00000003)
    __rt_exit_prels_1                        0x080001bd   Thumb Code     0  rtexit2.o(.ARM.Collect$$rtexit$$00000002)
    __rt_exit_exit                           0x080001c1   Thumb Code     0  rtexit2.o(.ARM.Collect$$rtexit$$00000004)
    Reset_Handler                            0x080001c9   Thumb Code     8  startup_stm32f10x_md.o(.text)
    NMI_Handler                              0x080001d1   Thumb Code     2  startup_stm32f10x_md.o(.text)
    HardFault_Handler                        0x080001d3   Thumb Code     2  startup_stm32f10x_md.o(.text)
    MemManage_Handler                        0x080001d5   Thumb Code     2  startup_stm32f10x_md.o(.text)
    BusFault_Handler                         0x080001d7   Thumb Code     2  startup_stm32f10x_md.o(.text)
    UsageFault_Handler                       0x080001d9   Thumb Code     2  startup_stm32f10x_md.o(.text)
    SVC_Handler                              0x080001db   Thumb Code     2  startup_stm32f10x_md.o(.text)
    DebugMon_Handler                         0x080001dd   Thumb Code     2  startup_stm32f10x_md.o(.text)
    PendSV_Handler                           0x080001df   Thumb Code     2  startup_stm32f10x_md.o(.text)
    ADC1_2_IRQHandler                        0x080001e3   Thumb Code     0  startup_stm32f10x_md.o(.text)
    CAN1_RX1_IRQHandler                      0x080001e3   Thumb Code     0  startup_stm32f10x_md.o(.text)
    CAN1_SCE_IRQHandler                      0x080001e3   Thumb Code     0  startup_stm32f10x_md.o(.text)
    DMA1_Channel1_IRQHandler                 0x080001e3   Thumb Code     0  startup_stm32f10x_md.o(.text)
    DMA1_Channel2_IRQHandler                 0x080001e3   Thumb Code     0  startup_stm32f10x_md.o(.text)
    DMA1_Channel3_IRQHandler                 0x080001e3   Thumb Code     0  startup_stm32f10x_md.o(.text)
    DMA1_Channel4_IRQHandler                 0x080001e3   Thumb Code     0  startup_stm32f10x_md.o(.text)
    DMA1_Channel5_IRQHandler                 0x080001e3   Thumb Code     0  startup_stm32f10x_md.o(.text)
    DMA1_Channel6_IRQHandler                 0x080001e3   Thumb Code     0  startup_stm32f10x_md.o(.text)
    DMA1_Channel7_IRQHandler                 0x080001e3   Thumb Code     0  startup_stm32f10x_md.o(.text)
    EXTI0_IRQHandler                         0x080001e3   Thumb Code     0  startup_stm32f10x_md.o(.text)
    EXTI15_10_IRQHandler                     0x080001e3   Thumb Code     0  startup_stm32f10x_md.o(.text)
    EXTI1_IRQHandler                         0x080001e3   Thumb Code     0  startup_stm32f10x_md.o(.text)
    EXTI2_IRQHandler                         0x080001e3   Thumb Code     0  startup_stm32f10x_md.o(.text)
    EXTI3_IRQHandler                         0x080001e3   Thumb Code     0  startup_stm32f10x_md.o(.text)
    EXTI4_IRQHandler                         0x080001e3   Thumb Code     0  startup_stm32f10x_md.o(.text)
    FLASH_IRQHandler                         0x080001e3   Thumb Code     0  startup_stm32f10x_md.o(.text)
    I2C1_ER_IRQHandler                       0x080001e3   Thumb Code     0  startup_stm32f10x_md.o(.text)
    I2C1_EV_IRQHandler                       0x080001e3   Thumb Code     0  startup_stm32f10x_md.o(.text)
    I2C2_ER_IRQHandler                       0x080001e3   Thumb Code     0  startup_stm32f10x_md.o(.text)
    I2C2_EV_IRQHandler                       0x080001e3   Thumb Code     0  startup_stm32f10x_md.o(.text)
    PVD_IRQHandler                           0x080001e3   Thumb Code     0  startup_stm32f10x_md.o(.text)
    RCC_IRQHandler                           0x080001e3   Thumb Code     0  startup_stm32f10x_md.o(.text)
    RTCAlarm_IRQHandler                      0x080001e3   Thumb Code     0  startup_stm32f10x_md.o(.text)
    RTC_IRQHandler                           0x080001e3   Thumb Code     0  startup_stm32f10x_md.o(.text)
    SPI1_IRQHandler                          0x080001e3   Thumb Code     0  startup_stm32f10x_md.o(.text)
    SPI2_IRQHandler                          0x080001e3   Thumb Code     0  startup_stm32f10x_md.o(.text)
    TAMPER_IRQHandler                        0x080001e3   Thumb Code     0  startup_stm32f10x_md.o(.text)
    TIM1_BRK_IRQHandler                      0x080001e3   Thumb Code     0  startup_stm32f10x_md.o(.text)
    TIM1_CC_IRQHandler                       0x080001e3   Thumb Code     0  startup_stm32f10x_md.o(.text)
    TIM1_TRG_COM_IRQHandler                  0x080001e3   Thumb Code     0  startup_stm32f10x_md.o(.text)
    TIM1_UP_IRQHandler                       0x080001e3   Thumb Code     0  startup_stm32f10x_md.o(.text)
    TIM2_IRQHandler                          0x080001e3   Thumb Code     0  startup_stm32f10x_md.o(.text)
    TIM3_IRQHandler                          0x080001e3   Thumb Code     0  startup_stm32f10x_md.o(.text)
    TIM4_IRQHandler                          0x080001e3   Thumb Code     0  startup_stm32f10x_md.o(.text)
    USART1_IRQHandler                        0x080001e3   Thumb Code     0  startup_stm32f10x_md.o(.text)
    USART3_IRQHandler                        0x080001e3   Thumb Code     0  startup_stm32f10x_md.o(.text)
    USBWakeUp_IRQHandler                     0x080001e3   Thumb Code     0  startup_stm32f10x_md.o(.text)
    USB_HP_CAN1_TX_IRQHandler                0x080001e3   Thumb Code     0  startup_stm32f10x_md.o(.text)
    USB_LP_CAN1_RX0_IRQHandler               0x080001e3   Thumb Code     0  startup_stm32f10x_md.o(.text)
    WWDG_IRQHandler                          0x080001e3   Thumb Code     0  startup_stm32f10x_md.o(.text)
    __user_initial_stackheap                 0x080001e5   Thumb Code     0  startup_stm32f10x_md.o(.text)
    __aeabi_memclr                           0x08000209   Thumb Code     0  rt_memclr.o(.text)
    __rt_memclr                              0x08000209   Thumb Code    68  rt_memclr.o(.text)
    _memset                                  0x0800020d   Thumb Code     0  rt_memclr.o(.text)
    __use_two_region_memory                  0x0800024d   Thumb Code     2  heapauxi.o(.text)
    __rt_heap_escrow$2region                 0x0800024f   Thumb Code     2  heapauxi.o(.text)
    __rt_heap_expand$2region                 0x08000251   Thumb Code     2  heapauxi.o(.text)
    __read_errno                             0x08000253   Thumb Code    10  _rserrno.o(.text)
    __set_errno                              0x0800025d   Thumb Code    12  _rserrno.o(.text)
    __aeabi_memclr4                          0x08000269   Thumb Code     0  rt_memclr_w.o(.text)
    __aeabi_memclr8                          0x08000269   Thumb Code     0  rt_memclr_w.o(.text)
    __rt_memclr_w                            0x08000269   Thumb Code    78  rt_memclr_w.o(.text)
    _memset_w                                0x0800026d   Thumb Code     0  rt_memclr_w.o(.text)
    __aeabi_errno_addr                       0x080002b9   Thumb Code     8  rt_errno_addr_intlibspace.o(.text)
    __errno$intlibspace                      0x080002b9   Thumb Code     0  rt_errno_addr_intlibspace.o(.text)
    __rt_errno_addr$intlibspace              0x080002b9   Thumb Code     0  rt_errno_addr_intlibspace.o(.text)
    __user_libspace                          0x080002c1   Thumb Code     8  libspace.o(.text)
    __user_perproc_libspace                  0x080002c1   Thumb Code     0  libspace.o(.text)
    __user_perthread_libspace                0x080002c1   Thumb Code     0  libspace.o(.text)
    __user_setup_stackheap                   0x080002c9   Thumb Code    74  sys_stackheap_outer.o(.text)
    exit                                     0x08000313   Thumb Code    18  exit.o(.text)
    _sys_exit                                0x08000325   Thumb Code     8  sys_exit.o(.text)
    __I$use$semihosting                      0x08000331   Thumb Code     0  use_no_semi.o(.text)
    __use_no_semihosting_swi                 0x08000331   Thumb Code     2  use_no_semi.o(.text)
    __semihosting_library_function           0x08000333   Thumb Code     0  indicate_semi.o(.text)
    Button_LED_init                          0x08000335   Thumb Code   112  init.o(i.Button_LED_init)
    EXTI9_5_IRQHandler                       0x080003a9   Thumb Code    64  main.o(i.EXTI9_5_IRQHandler)
    EXTI_ClearITPendingBit                   0x080003f1   Thumb Code     6  stm32f10x_exti.o(i.EXTI_ClearITPendingBit)
    EXTI_GetITStatus                         0x080003fd   Thumb Code    34  stm32f10x_exti.o(i.EXTI_GetITStatus)
    EXTI_Init                                0x08000425   Thumb Code   142  stm32f10x_exti.o(i.EXTI_Init)
    GPIO_EXTILineConfig                      0x080004b9   Thumb Code    60  stm32f10x_gpio.o(i.GPIO_EXTILineConfig)
    GPIO_Init                                0x080004f9   Thumb Code   278  stm32f10x_gpio.o(i.GPIO_Init)
    GPIO_ReadOutputDataBit                   0x0800060f   Thumb Code    18  stm32f10x_gpio.o(i.GPIO_ReadOutputDataBit)
    GPIO_ResetBits                           0x08000621   Thumb Code     4  stm32f10x_gpio.o(i.GPIO_ResetBits)
    GPIO_SetBits                             0x08000625   Thumb Code     4  stm32f10x_gpio.o(i.GPIO_SetBits)
    NVIC_Init                                0x08000629   Thumb Code   100  misc.o(i.NVIC_Init)
    RCC_APB1PeriphClockCmd                   0x08000699   Thumb Code    26  stm32f10x_rcc.o(i.RCC_APB1PeriphClockCmd)
    RCC_APB2PeriphClockCmd                   0x080006b9   Thumb Code    26  stm32f10x_rcc.o(i.RCC_APB2PeriphClockCmd)
    RCC_GetClocksFreq                        0x080006d9   Thumb Code   192  stm32f10x_rcc.o(i.RCC_GetClocksFreq)
    RCC_init                                 0x080007ad   Thumb Code    76  init.o(i.RCC_init)
    SysTick_Handler                          0x080008e1   Thumb Code    90  main.o(i.SysTick_Handler)
    SysTick_init                             0x08000955   Thumb Code   114  init.o(i.SysTick_init)
    SystemCoreClockUpdate                    0x080009d5   Thumb Code   142  system_stm32f10x.o(i.SystemCoreClockUpdate)
    SystemInit                               0x08000a79   Thumb Code    78  system_stm32f10x.o(i.SystemInit)
    TIM3_PWM_init                            0x08000ad9   Thumb Code   250  init.o(i.TIM3_PWM_init)
    TIM_Cmd                                  0x08000be1   Thumb Code    24  stm32f10x_tim.o(i.TIM_Cmd)
    TIM_OC1Init                              0x08000bf9   Thumb Code   132  stm32f10x_tim.o(i.TIM_OC1Init)
    TIM_OC1PreloadConfig                     0x08000c91   Thumb Code    18  stm32f10x_tim.o(i.TIM_OC1PreloadConfig)
    TIM_OC2Init                              0x08000ca5   Thumb Code   154  stm32f10x_tim.o(i.TIM_OC2Init)
    TIM_OC2PreloadConfig                     0x08000d49   Thumb Code    26  stm32f10x_tim.o(i.TIM_OC2PreloadConfig)
    TIM_SetCompare1                          0x08000d63   Thumb Code     4  stm32f10x_tim.o(i.TIM_SetCompare1)
    TIM_SetCompare2                          0x08000d67   Thumb Code     4  stm32f10x_tim.o(i.TIM_SetCompare2)
    TIM_TimeBaseInit                         0x08000d6d   Thumb Code   122  stm32f10x_tim.o(i.TIM_TimeBaseInit)
    USART2_IRQHandler                        0x08000e11   Thumb Code   740  main.o(i.USART2_IRQHandler)
    USART2_init                              0x08001121   Thumb Code   142  init.o(i.USART2_init)
    USARTSend                                0x080011b9   Thumb Code    44  main.o(i.USARTSend)
    USART_ClearITPendingBit                  0x080011e5   Thumb Code    30  stm32f10x_usart.o(i.USART_ClearITPendingBit)
    USART_Cmd                                0x08001203   Thumb Code    24  stm32f10x_usart.o(i.USART_Cmd)
    USART_GetFlagStatus                      0x0800121b   Thumb Code    26  stm32f10x_usart.o(i.USART_GetFlagStatus)
    USART_GetITStatus                        0x08001235   Thumb Code    84  stm32f10x_usart.o(i.USART_GetITStatus)
    USART_ITConfig                           0x08001289   Thumb Code    74  stm32f10x_usart.o(i.USART_ITConfig)
    USART_Init                               0x080012d5   Thumb Code   210  stm32f10x_usart.o(i.USART_Init)
    USART_ReceiveData                        0x080013ad   Thumb Code    10  stm32f10x_usart.o(i.USART_ReceiveData)
    USART_SendData                           0x080013b7   Thumb Code     8  stm32f10x_usart.o(i.USART_SendData)
    __ARM_fpclassify                         0x080013bf   Thumb Code    40  fpclassify.o(i.__ARM_fpclassify)
    __kernel_poly                            0x080013e7   Thumb Code   170  poly.o(i.__kernel_poly)
    __mathlib_dbl_divzero                    0x08001491   Thumb Code    12  dunder.o(i.__mathlib_dbl_divzero)
    __mathlib_dbl_infnan2                    0x080014a1   Thumb Code     4  dunder.o(i.__mathlib_dbl_infnan2)
    __mathlib_dbl_invalid                    0x080014a5   Thumb Code    12  dunder.o(i.__mathlib_dbl_invalid)
    __mathlib_dbl_overflow                   0x080014b1   Thumb Code    14  dunder.o(i.__mathlib_dbl_overflow)
    __mathlib_dbl_underflow                  0x080014c1   Thumb Code    10  dunder.o(i.__mathlib_dbl_underflow)
    cal_ErrorBackward                        0x080014d1   Thumb Code   278  main.o(i.cal_ErrorBackward)
    cal_ErrorFront                           0x08001609   Thumb Code   278  main.o(i.cal_ErrorFront)
    dec                                      0x08001741   Thumb Code   140  main.o(i.dec)
    delayMs                                  0x080017f9   Thumb Code    16  main.o(i.delayMs)
    doNothing                                0x0800180d   Thumb Code     2  main.o(i.doNothing)
    main                                     0x08001811   Thumb Code    70  main.o(i.main)
    pow                                      0x08001869   Thumb Code  2512  pow.o(i.pow)
    progress_Table                           0x08002241   Thumb Code   282  main.o(i.progress_Table)
    reverse_Motor                            0x080023a1   Thumb Code    66  main.o(i.reverse_Motor)
    sqrt                                     0x080023ed   Thumb Code    76  sqrt.o(i.sqrt)
    stop_Motor                               0x08002439   Thumb Code    20  main.o(i.stop_Motor)
    tune_Motor                               0x08002451   Thumb Code   268  main.o(i.tune_Motor)
    __aeabi_d2f                              0x08002579   Thumb Code     0  d2f.o(x$fpl$d2f)
    _d2f                                     0x08002579   Thumb Code    98  d2f.o(x$fpl$d2f)
    __aeabi_dadd                             0x080025dd   Thumb Code     0  daddsub_clz.o(x$fpl$dadd)
    _dadd                                    0x080025dd   Thumb Code   332  daddsub_clz.o(x$fpl$dadd)
    __fpl_dcheck_NaN1                        0x0800272d   Thumb Code    10  dcheck1.o(x$fpl$dcheck1)
    __fpl_dcmp_Inf                           0x0800273d   Thumb Code    24  dcmpi.o(x$fpl$dcmpinf)
    __aeabi_ddiv                             0x08002755   Thumb Code     0  ddiv.o(x$fpl$ddiv)
    _ddiv                                    0x08002755   Thumb Code   552  ddiv.o(x$fpl$ddiv)
    __aeabi_i2d                              0x08002a05   Thumb Code     0  dflt_clz.o(x$fpl$dflt)
    _dflt                                    0x08002a05   Thumb Code    46  dflt_clz.o(x$fpl$dflt)
    __aeabi_cdcmple                          0x08002a35   Thumb Code     0  dleqf.o(x$fpl$dleqf)
    _dcmple                                  0x08002a35   Thumb Code   120  dleqf.o(x$fpl$dleqf)
    __fpl_dcmple_InfNaN                      0x08002a97   Thumb Code     0  dleqf.o(x$fpl$dleqf)
    __aeabi_dmul                             0x08002aad   Thumb Code     0  dmul.o(x$fpl$dmul)
    _dmul                                    0x08002aad   Thumb Code   332  dmul.o(x$fpl$dmul)
    __fpl_dnaninf                            0x08002c01   Thumb Code   156  dnaninf.o(x$fpl$dnaninf)
    __fpl_dretinf                            0x08002c9d   Thumb Code    12  dretinf.o(x$fpl$dretinf)
    __aeabi_cdrcmple                         0x08002ca9   Thumb Code     0  drleqf.o(x$fpl$drleqf)
    _drcmple                                 0x08002ca9   Thumb Code   108  drleqf.o(x$fpl$drleqf)
    __aeabi_drsub                            0x08002d15   Thumb Code     0  daddsub_clz.o(x$fpl$drsb)
    _drsb                                    0x08002d15   Thumb Code    22  daddsub_clz.o(x$fpl$drsb)
    _dsqrt                                   0x08002d2d   Thumb Code   456  dsqrt_noumaal.o(x$fpl$dsqrt)
    __aeabi_dsub                             0x08002ef9   Thumb Code     0  daddsub_clz.o(x$fpl$dsub)
    _dsub                                    0x08002ef9   Thumb Code   464  daddsub_clz.o(x$fpl$dsub)
    __aeabi_f2d                              0x080030cd   Thumb Code     0  f2d.o(x$fpl$f2d)
    _f2d                                     0x080030cd   Thumb Code    86  f2d.o(x$fpl$f2d)
    __aeabi_fadd                             0x08003125   Thumb Code     0  faddsub_clz.o(x$fpl$fadd)
    _fadd                                    0x08003125   Thumb Code   196  faddsub_clz.o(x$fpl$fadd)
    __fpl_fcmp_Inf                           0x080031e9   Thumb Code    24  fcmpi.o(x$fpl$fcmpinf)
    __aeabi_fdiv                             0x08003201   Thumb Code     0  fdiv.o(x$fpl$fdiv)
    _fdiv                                    0x08003201   Thumb Code   384  fdiv.o(x$fpl$fdiv)
    __aeabi_f2uiz                            0x08003385   Thumb Code     0  ffixu.o(x$fpl$ffixu)
    _ffixu                                   0x08003385   Thumb Code    62  ffixu.o(x$fpl$ffixu)
    __aeabi_i2f                              0x080033c5   Thumb Code     0  fflt_clz.o(x$fpl$fflt)
    _fflt                                    0x080033c5   Thumb Code    48  fflt_clz.o(x$fpl$fflt)
    __aeabi_cfcmple                          0x080033f5   Thumb Code     0  fleqf.o(x$fpl$fleqf)
    _fcmple                                  0x080033f5   Thumb Code   104  fleqf.o(x$fpl$fleqf)
    __fpl_fcmple_InfNaN                      0x08003447   Thumb Code     0  fleqf.o(x$fpl$fleqf)
    __aeabi_fmul                             0x0800345d   Thumb Code     0  fmul.o(x$fpl$fmul)
    _fmul                                    0x0800345d   Thumb Code   258  fmul.o(x$fpl$fmul)
    __fpl_fnaninf                            0x0800355f   Thumb Code   140  fnaninf.o(x$fpl$fnaninf)
    __fpl_fretinf                            0x080035eb   Thumb Code    10  fretinf.o(x$fpl$fretinf)
    __aeabi_cfrcmple                         0x080035f5   Thumb Code     0  frleqf.o(x$fpl$frleqf)
    _frcmple                                 0x080035f5   Thumb Code    98  frleqf.o(x$fpl$frleqf)
    __aeabi_fsub                             0x08003659   Thumb Code     0  faddsub_clz.o(x$fpl$fsub)
    _fsub                                    0x08003659   Thumb Code   234  faddsub_clz.o(x$fpl$fsub)
    __fpl_return_NaN                         0x08003743   Thumb Code   100  retnan.o(x$fpl$retnan)
    __ARM_scalbn                             0x080037a7   Thumb Code    92  scalbn.o(x$fpl$scalbn)
    __fpl_cmpreturn                          0x08003803   Thumb Code    48  trapv.o(x$fpl$trapveneer)
    __I$use$fp                               0x08003832   Number         0  usenofp.o(x$fpl$usenofp)
    __mathlib_zero                           0x080038c0   Data           8  qnan.o(.constdata)
    Region$$Table$$Base                      0x080038c8   Number         0  anon$$obj.o(Region$$Table)
    Region$$Table$$Limit                     0x080038e8   Number         0  anon$$obj.o(Region$$Table)
    new_AngleError                           0x20000000   Data           4  main.o(.data)
    acum_AngleError                          0x20000004   Data           4  main.o(.data)
    last_AngleError                          0x20000008   Data           4  main.o(.data)
    flag_PIDFront                            0x2000000c   Data           4  main.o(.data)
    flag_PIDBack                             0x20000010   Data           4  main.o(.data)
    flag_PIDBall                             0x20000014   Data           4  main.o(.data)
    progress                                 0x20000018   Data           4  main.o(.data)
    init_CarPos                              0x2000001c   Data           8  main.o(.data)
    CarFrontxy                               0x20000024   Data           8  main.o(.data)
    CarBackxy                                0x2000002c   Data           8  main.o(.data)
    Ballxy                                   0x20000034   Data           8  main.o(.data)
    MidLimit                                 0x2000003c   Data           4  main.o(.data)
    LeftLimit                                0x20000040   Data           4  main.o(.data)
    RightLimit                               0x20000044   Data           4  main.o(.data)
    angleLarge                               0x20000048   Data           4  main.o(.data)
    angleSmall                               0x2000004c   Data           4  main.o(.data)
    distanceLarge                            0x20000050   Data           4  main.o(.data)
    distanceSmall                            0x20000054   Data           4  main.o(.data)
    Kp_angle                                 0x20000058   Data           4  main.o(.data)
    Ki_angle                                 0x2000005c   Data           4  main.o(.data)
    Kd_angle                                 0x20000060   Data           4  main.o(.data)
    Kp_speed                                 0x20000064   Data           4  main.o(.data)
    Ki_speed                                 0x20000068   Data           4  main.o(.data)
    Kd_speed                                 0x2000006c   Data           4  main.o(.data)
    sysTick                                  0x20000070   Data           4  main.o(.data)
    msTick                                   0x20000074   Data           4  main.o(.data)
    strPos                                   0x20000078   Data           4  main.o(.data)
    timer_start                              0x2000007c   Data           1  main.o(.data)
    ch                                       0x2000007d   Data           1  main.o(.data)
    send_WifiTesting                         0x2000007e   Data           5  main.o(.data)
    send_WifiTesting1                        0x20000083   Data          42  main.o(.data)
    send_WifiTesting2                        0x200000ad   Data          43  main.o(.data)
    send_WifiTesting3                        0x200000d8   Data          11  main.o(.data)
    send_WifiTesting4                        0x200000e3   Data          33  main.o(.data)
    SystemCoreClock                          0x20000118   Data           4  system_stm32f10x.o(.data)
    AHBPrescTable                            0x2000011c   Data          16  system_stm32f10x.o(.data)
    strBuffer                                0x2000012c   Data         128  main.o(.bss)
    __libspace_start                         0x200001ac   Data          96  libspace.o(.bss)
    __temporary_stack_top$libspace           0x2000020c   Data           0  libspace.o(.bss)



==============================================================================

Memory Map of the image

  Image Entry point : 0x080001c9

  Load Region LR_1 (Base: 0x08000000, Size: 0x00003a14, Max: 0xffffffff, ABSOLUTE, COMPRESSED[0x0000396c])

    Execution Region ER_RO (Base: 0x08000000, Size: 0x000038e8, Max: 0xffffffff, ABSOLUTE)

    Base Addr    Size         Type   Attr      Idx    E Section Name        Object

    0x08000000   0x000000ec   Data   RO         1879    RESET               startup_stm32f10x_md.o
    0x080000ec   0x00000008   Code   RO         1936  * !!!main             c_w.l(__main.o)
    0x080000f4   0x00000034   Code   RO         2216    !!!scatter          c_w.l(__scatter.o)
    0x08000128   0x0000005a   Code   RO         2214    !!dczerorl2         c_w.l(__dczerorl2.o)
    0x08000182   0x00000002   PAD
    0x08000184   0x0000001c   Code   RO         2218    !!handler_zi        c_w.l(__scatter_zi.o)
    0x080001a0   0x00000002   Code   RO         2083    .ARM.Collect$$libinit$$00000000  c_w.l(libinit.o)
    0x080001a2   0x00000000   Code   RO         2089    .ARM.Collect$$libinit$$00000002  c_w.l(libinit2.o)
    0x080001a2   0x00000000   Code   RO         2091    .ARM.Collect$$libinit$$00000004  c_w.l(libinit2.o)
    0x080001a2   0x00000000   Code   RO         2094    .ARM.Collect$$libinit$$0000000A  c_w.l(libinit2.o)
    0x080001a2   0x00000000   Code   RO         2096    .ARM.Collect$$libinit$$0000000C  c_w.l(libinit2.o)
    0x080001a2   0x00000000   Code   RO         2098    .ARM.Collect$$libinit$$0000000E  c_w.l(libinit2.o)
    0x080001a2   0x00000000   Code   RO         2101    .ARM.Collect$$libinit$$00000011  c_w.l(libinit2.o)
    0x080001a2   0x00000000   Code   RO         2103    .ARM.Collect$$libinit$$00000013  c_w.l(libinit2.o)
    0x080001a2   0x00000000   Code   RO         2105    .ARM.Collect$$libinit$$00000015  c_w.l(libinit2.o)
    0x080001a2   0x00000000   Code   RO         2107    .ARM.Collect$$libinit$$00000017  c_w.l(libinit2.o)
    0x080001a2   0x00000000   Code   RO         2109    .ARM.Collect$$libinit$$00000019  c_w.l(libinit2.o)
    0x080001a2   0x00000000   Code   RO         2111    .ARM.Collect$$libinit$$0000001B  c_w.l(libinit2.o)
    0x080001a2   0x00000000   Code   RO         2113    .ARM.Collect$$libinit$$0000001D  c_w.l(libinit2.o)
    0x080001a2   0x00000000   Code   RO         2115    .ARM.Collect$$libinit$$0000001F  c_w.l(libinit2.o)
    0x080001a2   0x00000000   Code   RO         2117    .ARM.Collect$$libinit$$00000021  c_w.l(libinit2.o)
    0x080001a2   0x00000000   Code   RO         2119    .ARM.Collect$$libinit$$00000023  c_w.l(libinit2.o)
    0x080001a2   0x00000000   Code   RO         2121    .ARM.Collect$$libinit$$00000025  c_w.l(libinit2.o)
    0x080001a2   0x00000000   Code   RO         2125    .ARM.Collect$$libinit$$0000002C  c_w.l(libinit2.o)
    0x080001a2   0x00000000   Code   RO         2127    .ARM.Collect$$libinit$$0000002E  c_w.l(libinit2.o)
    0x080001a2   0x00000000   Code   RO         2129    .ARM.Collect$$libinit$$00000030  c_w.l(libinit2.o)
    0x080001a2   0x00000000   Code   RO         2131    .ARM.Collect$$libinit$$00000032  c_w.l(libinit2.o)
    0x080001a2   0x00000002   Code   RO         2132    .ARM.Collect$$libinit$$00000033  c_w.l(libinit2.o)
    0x080001a4   0x00000002   Code   RO         2154    .ARM.Collect$$libshutdown$$00000000  c_w.l(libshutdown.o)
    0x080001a6   0x00000000   Code   RO         2167    .ARM.Collect$$libshutdown$$00000002  c_w.l(libshutdown2.o)
    0x080001a6   0x00000000   Code   RO         2169    .ARM.Collect$$libshutdown$$00000004  c_w.l(libshutdown2.o)
    0x080001a6   0x00000000   Code   RO         2172    .ARM.Collect$$libshutdown$$00000007  c_w.l(libshutdown2.o)
    0x080001a6   0x00000000   Code   RO         2175    .ARM.Collect$$libshutdown$$0000000A  c_w.l(libshutdown2.o)
    0x080001a6   0x00000000   Code   RO         2177    .ARM.Collect$$libshutdown$$0000000C  c_w.l(libshutdown2.o)
    0x080001a6   0x00000000   Code   RO         2180    .ARM.Collect$$libshutdown$$0000000F  c_w.l(libshutdown2.o)
    0x080001a6   0x00000002   Code   RO         2181    .ARM.Collect$$libshutdown$$00000010  c_w.l(libshutdown2.o)
    0x080001a8   0x00000000   Code   RO         1992    .ARM.Collect$$rtentry$$00000000  c_w.l(__rtentry.o)
    0x080001a8   0x00000000   Code   RO         2048    .ARM.Collect$$rtentry$$00000002  c_w.l(__rtentry2.o)
    0x080001a8   0x00000006   Code   RO         2060    .ARM.Collect$$rtentry$$00000004  c_w.l(__rtentry4.o)
    0x080001ae   0x00000000   Code   RO         2050    .ARM.Collect$$rtentry$$00000009  c_w.l(__rtentry2.o)
    0x080001ae   0x00000004   Code   RO         2051    .ARM.Collect$$rtentry$$0000000A  c_w.l(__rtentry2.o)
    0x080001b2   0x00000000   Code   RO         2053    .ARM.Collect$$rtentry$$0000000C  c_w.l(__rtentry2.o)
    0x080001b2   0x00000008   Code   RO         2054    .ARM.Collect$$rtentry$$0000000D  c_w.l(__rtentry2.o)
    0x080001ba   0x00000002   Code   RO         2086    .ARM.Collect$$rtexit$$00000000  c_w.l(rtexit.o)
    0x080001bc   0x00000000   Code   RO         2136    .ARM.Collect$$rtexit$$00000002  c_w.l(rtexit2.o)
    0x080001bc   0x00000004   Code   RO         2137    .ARM.Collect$$rtexit$$00000003  c_w.l(rtexit2.o)
    0x080001c0   0x00000006   Code   RO         2138    .ARM.Collect$$rtexit$$00000004  c_w.l(rtexit2.o)
    0x080001c6   0x00000002   PAD
    0x080001c8   0x00000040   Code   RO         1880  * .text               startup_stm32f10x_md.o
    0x08000208   0x00000044   Code   RO         1932    .text               c_w.l(rt_memclr.o)
    0x0800024c   0x00000006   Code   RO         1934    .text               c_w.l(heapauxi.o)
    0x08000252   0x00000016   Code   RO         1993    .text               c_w.l(_rserrno.o)
    0x08000268   0x0000004e   Code   RO         1995    .text               c_w.l(rt_memclr_w.o)
    0x080002b6   0x00000002   PAD
    0x080002b8   0x00000008   Code   RO         2065    .text               c_w.l(rt_errno_addr_intlibspace.o)
    0x080002c0   0x00000008   Code   RO         2071    .text               c_w.l(libspace.o)
    0x080002c8   0x0000004a   Code   RO         2074    .text               c_w.l(sys_stackheap_outer.o)
    0x08000312   0x00000012   Code   RO         2076    .text               c_w.l(exit.o)
    0x08000324   0x0000000c   Code   RO         2146    .text               c_w.l(sys_exit.o)
    0x08000330   0x00000002   Code   RO         2157    .text               c_w.l(use_no_semi.o)
    0x08000332   0x00000000   Code   RO         2159    .text               c_w.l(indicate_semi.o)
    0x08000332   0x00000002   PAD
    0x08000334   0x00000074   Code   RO          180    i.Button_LED_init   init.o
    0x080003a8   0x00000048   Code   RO            4    i.EXTI9_5_IRQHandler  main.o
    0x080003f0   0x0000000c   Code   RO          281    i.EXTI_ClearITPendingBit  stm32f10x_exti.o
    0x080003fc   0x00000028   Code   RO          285    i.EXTI_GetITStatus  stm32f10x_exti.o
    0x08000424   0x00000094   Code   RO          286    i.EXTI_Init         stm32f10x_exti.o
    0x080004b8   0x00000040   Code   RO          535    i.GPIO_EXTILineConfig  stm32f10x_gpio.o
    0x080004f8   0x00000116   Code   RO          538    i.GPIO_Init         stm32f10x_gpio.o
    0x0800060e   0x00000012   Code   RO          544    i.GPIO_ReadOutputDataBit  stm32f10x_gpio.o
    0x08000620   0x00000004   Code   RO          545    i.GPIO_ResetBits    stm32f10x_gpio.o
    0x08000624   0x00000004   Code   RO          546    i.GPIO_SetBits      stm32f10x_gpio.o
    0x08000628   0x00000070   Code   RO          232    i.NVIC_Init         misc.o
    0x08000698   0x00000020   Code   RO          660    i.RCC_APB1PeriphClockCmd  stm32f10x_rcc.o
    0x080006b8   0x00000020   Code   RO          662    i.RCC_APB2PeriphClockCmd  stm32f10x_rcc.o
    0x080006d8   0x000000d4   Code   RO          670    i.RCC_GetClocksFreq  stm32f10x_rcc.o
    0x080007ac   0x0000004c   Code   RO          181    i.RCC_init          init.o
    0x080007f8   0x00000008   Code   RO         1887    i.SetSysClock       system_stm32f10x.o
    0x08000800   0x000000e0   Code   RO         1888    i.SetSysClockTo72   system_stm32f10x.o
    0x080008e0   0x00000074   Code   RO            5    i.SysTick_Handler   main.o
    0x08000954   0x00000080   Code   RO          182    i.SysTick_init      init.o
    0x080009d4   0x000000a4   Code   RO         1889    i.SystemCoreClockUpdate  system_stm32f10x.o
    0x08000a78   0x00000060   Code   RO         1890    i.SystemInit        system_stm32f10x.o
    0x08000ad8   0x00000108   Code   RO          183    i.TIM3_PWM_init     init.o
    0x08000be0   0x00000018   Code   RO         1144    i.TIM_Cmd           stm32f10x_tim.o
    0x08000bf8   0x00000098   Code   RO         1173    i.TIM_OC1Init       stm32f10x_tim.o
    0x08000c90   0x00000012   Code   RO         1176    i.TIM_OC1PreloadConfig  stm32f10x_tim.o
    0x08000ca2   0x00000002   PAD
    0x08000ca4   0x000000a4   Code   RO         1178    i.TIM_OC2Init       stm32f10x_tim.o
    0x08000d48   0x0000001a   Code   RO         1181    i.TIM_OC2PreloadConfig  stm32f10x_tim.o
    0x08000d62   0x00000004   Code   RO         1205    i.TIM_SetCompare1   stm32f10x_tim.o
    0x08000d66   0x00000004   Code   RO         1206    i.TIM_SetCompare2   stm32f10x_tim.o
    0x08000d6a   0x00000002   PAD
    0x08000d6c   0x000000a4   Code   RO         1215    i.TIM_TimeBaseInit  stm32f10x_tim.o
    0x08000e10   0x00000310   Code   RO            6    i.USART2_IRQHandler  main.o
    0x08001120   0x00000098   Code   RO          184    i.USART2_init       init.o
    0x080011b8   0x0000002c   Code   RO            7    i.USARTSend         main.o
    0x080011e4   0x0000001e   Code   RO         1689    i.USART_ClearITPendingBit  stm32f10x_usart.o
    0x08001202   0x00000018   Code   RO         1692    i.USART_Cmd         stm32f10x_usart.o
    0x0800121a   0x0000001a   Code   RO         1695    i.USART_GetFlagStatus  stm32f10x_usart.o
    0x08001234   0x00000054   Code   RO         1696    i.USART_GetITStatus  stm32f10x_usart.o
    0x08001288   0x0000004a   Code   RO         1698    i.USART_ITConfig    stm32f10x_usart.o
    0x080012d2   0x00000002   PAD
    0x080012d4   0x000000d8   Code   RO         1699    i.USART_Init        stm32f10x_usart.o
    0x080013ac   0x0000000a   Code   RO         1706    i.USART_ReceiveData  stm32f10x_usart.o
    0x080013b6   0x00000008   Code   RO         1709    i.USART_SendData    stm32f10x_usart.o
    0x080013be   0x00000028   Code   RO         2042    i.__ARM_fpclassify  m_ws.l(fpclassify.o)
    0x080013e6   0x000000aa   Code   RO         2044    i.__kernel_poly     m_ws.l(poly.o)
    0x08001490   0x00000010   Code   RO         2028    i.__mathlib_dbl_divzero  m_ws.l(dunder.o)
    0x080014a0   0x00000004   Code   RO         2030    i.__mathlib_dbl_infnan2  m_ws.l(dunder.o)
    0x080014a4   0x0000000c   Code   RO         2031    i.__mathlib_dbl_invalid  m_ws.l(dunder.o)
    0x080014b0   0x0000000e   Code   RO         2032    i.__mathlib_dbl_overflow  m_ws.l(dunder.o)
    0x080014be   0x00000002   PAD
    0x080014c0   0x00000010   Code   RO         2034    i.__mathlib_dbl_underflow  m_ws.l(dunder.o)
    0x080014d0   0x00000138   Code   RO            8    i.cal_ErrorBackward  main.o
    0x08001608   0x00000138   Code   RO            9    i.cal_ErrorFront    main.o
    0x08001740   0x000000b8   Code   RO           10    i.dec               main.o
    0x080017f8   0x00000014   Code   RO           11    i.delayMs           main.o
    0x0800180c   0x00000002   Code   RO           12    i.doNothing         main.o
    0x0800180e   0x00000002   PAD
    0x08001810   0x00000058   Code   RO           13    i.main              main.o
    0x08001868   0x000009d8   Code   RO         1975    i.pow               m_ws.l(pow.o)
    0x08002240   0x00000160   Code   RO           14    i.progress_Table    main.o
    0x080023a0   0x0000004c   Code   RO           15    i.reverse_Motor     main.o
    0x080023ec   0x0000004c   Code   RO         1985    i.sqrt              m_ws.l(sqrt.o)
    0x08002438   0x00000018   Code   RO           16    i.stop_Motor        main.o
    0x08002450   0x00000128   Code   RO           17    i.tune_Motor        main.o
    0x08002578   0x00000062   Code   RO         1938    x$fpl$d2f           fz_ws.l(d2f.o)
    0x080025da   0x00000002   PAD
    0x080025dc   0x00000150   Code   RO         1940    x$fpl$dadd          fz_ws.l(daddsub_clz.o)
    0x0800272c   0x00000010   Code   RO         2067    x$fpl$dcheck1       fz_ws.l(dcheck1.o)
    0x0800273c   0x00000018   Code   RO         2069    x$fpl$dcmpinf       fz_ws.l(dcmpi.o)
    0x08002754   0x000002b0   Code   RO         1998    x$fpl$ddiv          fz_ws.l(ddiv.o)
    0x08002a04   0x0000002e   Code   RO         2002    x$fpl$dflt          fz_ws.l(dflt_clz.o)
    0x08002a32   0x00000002   PAD
    0x08002a34   0x00000078   Code   RO         2007    x$fpl$dleqf         fz_ws.l(dleqf.o)
    0x08002aac   0x00000154   Code   RO         2009    x$fpl$dmul          fz_ws.l(dmul.o)
    0x08002c00   0x0000009c   Code   RO         2011    x$fpl$dnaninf       fz_ws.l(dnaninf.o)
    0x08002c9c   0x0000000c   Code   RO         2013    x$fpl$dretinf       fz_ws.l(dretinf.o)
    0x08002ca8   0x0000006c   Code   RO         2015    x$fpl$drleqf        fz_ws.l(drleqf.o)
    0x08002d14   0x00000016   Code   RO         1941    x$fpl$drsb          fz_ws.l(daddsub_clz.o)
    0x08002d2a   0x00000002   PAD
    0x08002d2c   0x000001cc   Code   RO         2017    x$fpl$dsqrt         fz_ws.l(dsqrt_noumaal.o)
    0x08002ef8   0x000001d4   Code   RO         1942    x$fpl$dsub          fz_ws.l(daddsub_clz.o)
    0x080030cc   0x00000056   Code   RO         1946    x$fpl$f2d           fz_ws.l(f2d.o)
    0x08003122   0x00000002   PAD
    0x08003124   0x000000c4   Code   RO         1948    x$fpl$fadd          fz_ws.l(faddsub_clz.o)
    0x080031e8   0x00000018   Code   RO         2019    x$fpl$fcmpinf       fz_ws.l(fcmpi.o)
    0x08003200   0x00000184   Code   RO         1955    x$fpl$fdiv          fz_ws.l(fdiv.o)
    0x08003384   0x0000003e   Code   RO         1958    x$fpl$ffixu         fz_ws.l(ffixu.o)
    0x080033c2   0x00000002   PAD
    0x080033c4   0x00000030   Code   RO         1963    x$fpl$fflt          fz_ws.l(fflt_clz.o)
    0x080033f4   0x00000068   Code   RO         1968    x$fpl$fleqf         fz_ws.l(fleqf.o)
    0x0800345c   0x00000102   Code   RO         1970    x$fpl$fmul          fz_ws.l(fmul.o)
    0x0800355e   0x0000008c   Code   RO         2021    x$fpl$fnaninf       fz_ws.l(fnaninf.o)
    0x080035ea   0x0000000a   Code   RO         2023    x$fpl$fretinf       fz_ws.l(fretinf.o)
    0x080035f4   0x00000062   Code   RO         1972    x$fpl$frleqf        fz_ws.l(frleqf.o)
    0x08003656   0x00000002   PAD
    0x08003658   0x000000ea   Code   RO         1950    x$fpl$fsub          fz_ws.l(faddsub_clz.o)
    0x08003742   0x00000064   Code   RO         2084    x$fpl$retnan        fz_ws.l(retnan.o)
    0x080037a6   0x0000005c   Code   RO         2025    x$fpl$scalbn        fz_ws.l(scalbn.o)
    0x08003802   0x00000030   Code   RO         2133    x$fpl$trapveneer    fz_ws.l(trapv.o)
    0x08003832   0x00000000   Code   RO         2027    x$fpl$usenofp       fz_ws.l(usenofp.o)
    0x08003832   0x00000006   PAD
    0x08003838   0x00000088   Data   RO         1976    .constdata          m_ws.l(pow.o)
    0x080038c0   0x00000008   Data   RO         2046    .constdata          m_ws.l(qnan.o)
    0x080038c8   0x00000020   Data   RO         2212    Region$$Table       anon$$obj.o


    Execution Region ER_RW (Base: 0x20000000, Size: 0x0000012c, Max: 0xffffffff, ABSOLUTE, COMPRESSED[0x00000084])

    Base Addr    Size         Type   Attr      Idx    E Section Name        Object

    0x20000000   0x00000104   Data   RW           19    .data               main.o
    0x20000104   0x00000014   Data   RW          690    .data               stm32f10x_rcc.o
    0x20000118   0x00000014   Data   RW         1891    .data               system_stm32f10x.o


    Execution Region ER_ZI (Base: 0x2000012c, Size: 0x000006e4, Max: 0xffffffff, ABSOLUTE)

    Base Addr    Size         Type   Attr      Idx    E Section Name        Object

    0x2000012c   0x00000080   Zero   RW           18    .bss                main.o
    0x200001ac   0x00000060   Zero   RW         2072    .bss                c_w.l(libspace.o)
    0x2000020c   0x00000004   PAD
    0x20000210   0x00000200   Zero   RW         1878    HEAP                startup_stm32f10x_md.o
    0x20000410   0x00000400   Zero   RW         1877    STACK               startup_stm32f10x_md.o


==============================================================================

Image component sizes


      Code (inc. data)   RO Data    RW Data    ZI Data      Debug   Object Name

       736         42          0          0          0      27753   init.o
      2682        332          0        260        128     263274   main.o
       112         12          0          0          0       1140   misc.o
        64         26        236          0       1536        800   startup_stm32f10x_md.o
       200         18          0          0          0       2292   stm32f10x_exti.o
       368          4          0          0          0       4527   stm32f10x_gpio.o
       276         32          0         20          0       4606   stm32f10x_rcc.o
       556         72          0          0          0       5803   stm32f10x_tim.o
       472          6          0          0          0       7159   stm32f10x_usart.o
       492         50          0         20          0       2797   system_stm32f10x.o

    ----------------------------------------------------------------------
      5966        594        268        300       1664     320151   Object Totals
         0          0         32          0          0          0   (incl. Generated)
         8          0          0          0          0          0   (incl. Padding)

    ----------------------------------------------------------------------

      Code (inc. data)   RO Data    RW Data    ZI Data      Debug   Library Member Name

        90          0          0          0          0          0   __dczerorl2.o
         8          0          0          0          0         68   __main.o
         0          0          0          0          0          0   __rtentry.o
        12          0          0          0          0          0   __rtentry2.o
         6          0          0          0          0          0   __rtentry4.o
        52          8          0          0          0          0   __scatter.o
        28          0          0          0          0          0   __scatter_zi.o
        22          0          0          0          0        100   _rserrno.o
        18          0          0          0          0         80   exit.o
         6          0          0          0          0        152   heapauxi.o
         0          0          0          0          0          0   indicate_semi.o
         2          0          0          0          0          0   libinit.o
         2          0          0          0          0          0   libinit2.o
         2          0          0          0          0          0   libshutdown.o
         2          0          0          0          0          0   libshutdown2.o
         8          4          0          0         96         68   libspace.o
         8          4          0          0          0         68   rt_errno_addr_intlibspace.o
        68          0          0          0          0         68   rt_memclr.o
        78          0          0          0          0         80   rt_memclr_w.o
         2          0          0          0          0          0   rtexit.o
        10          0          0          0          0          0   rtexit2.o
        12          4          0          0          0         68   sys_exit.o
        74          0          0          0          0         80   sys_stackheap_outer.o
         2          0          0          0          0         68   use_no_semi.o
        98          4          0          0          0         92   d2f.o
       826         16          0          0          0        348   daddsub_clz.o
        16          4          0          0          0         68   dcheck1.o
        24          0          0          0          0         68   dcmpi.o
       688        140          0          0          0        208   ddiv.o
        46          0          0          0          0         68   dflt_clz.o
       120          4          0          0          0         92   dleqf.o
       340         12          0          0          0        104   dmul.o
       156          4          0          0          0         92   dnaninf.o
        12          0          0          0          0         68   dretinf.o
       108          0          0          0          0         80   drleqf.o
       460         56          0          0          0        120   dsqrt_noumaal.o
        86          4          0          0          0         84   f2d.o
       430          8          0          0          0        168   faddsub_clz.o
        24          0          0          0          0         68   fcmpi.o
       388         76          0          0          0         96   fdiv.o
        62          4          0          0          0         84   ffixu.o
        48          0          0          0          0         68   fflt_clz.o
       104          4          0          0          0         84   fleqf.o
       258          4          0          0          0         84   fmul.o
       140          4          0          0          0         84   fnaninf.o
        10          0          0          0          0         68   fretinf.o
        98          0          0          0          0         68   frleqf.o
       100          0          0          0          0         68   retnan.o
        92          0          0          0          0         68   scalbn.o
        48          0          0          0          0         68   trapv.o
         0          0          0          0          0          0   usenofp.o
        62         10          0          0          0        340   dunder.o
        40          0          0          0          0         68   fpclassify.o
       170          0          0          0          0         96   poly.o
      2520        190        136          0          0        324   pow.o
         0          0          8          0          0          0   qnan.o
        76          0          0          0          0         84   sqrt.o

    ----------------------------------------------------------------------
      8190        564        144          0        100       4380   Library Totals
        28          0          0          0          4          0   (incl. Padding)

    ----------------------------------------------------------------------

      Code (inc. data)   RO Data    RW Data    ZI Data      Debug   Library Name

       512         20          0          0         96        900   c_w.l
      4782        344          0          0          0       2568   fz_ws.l
      2868        200        144          0          0        912   m_ws.l

    ----------------------------------------------------------------------
      8190        564        144          0        100       4380   Library Totals

    ----------------------------------------------------------------------

==============================================================================


      Code (inc. data)   RO Data    RW Data    ZI Data      Debug   

     14156       1158        412        300       1764     319743   Grand Totals
     14156       1158        412        132       1764     319743   ELF Image Totals (compressed)
     14156       1158        412        132          0          0   ROM Totals

==============================================================================

    Total RO  Size (Code + RO Data)                14568 (  14.23kB)
    Total RW  Size (RW Data + ZI Data)              2064 (   2.02kB)
    Total ROM Size (Code + RO Data + RW Data)      14700 (  14.36kB)

==============================================================================

